Archive member included to satisfy reference by file (symbol)

../libopencm3/lib/libopencm3_stm32f0.a(rcc.o)
                              pwm.o (rcc_clock_setup_in_hsi_out_48mhz)
../libopencm3/lib/libopencm3_stm32f0.a(gpio_common_all.o)
                              pwm.o (gpio_toggle)
../libopencm3/lib/libopencm3_stm32f0.a(gpio_common_f0234.o)
                              pwm.o (gpio_mode_setup)
../libopencm3/lib/libopencm3_stm32f0.a(flash_common_f01.o)
                              ../libopencm3/lib/libopencm3_stm32f0.a(rcc.o) (flash_set_ws)
../libopencm3/lib/libopencm3_stm32f0.a(timer_common_all.o)
                              pwm.o (timer_reset)
../libopencm3/lib/libopencm3_stm32f0.a(rcc_common_all.o)
                              pwm.o (rcc_periph_clock_enable)
../libopencm3/lib/libopencm3_stm32f0.a(vector.o)
                              (reset_handler)
../libopencm3/lib/libopencm3_stm32f0.a(assert.o)
                              ../libopencm3/lib/libopencm3_stm32f0.a(rcc.o) (cm3_assert_failed)
../libopencm3/lib/libopencm3_stm32f0.a(flash.o)
                              ../libopencm3/lib/libopencm3_stm32f0.a(flash_common_f01.o) (flash_get_status_flags)
/usr/lib/gcc/arm-none-eabi/6.3.0/armv6-m/libgcc.a(_thumb1_case_uqi.o)
                              ../libopencm3/lib/libopencm3_stm32f0.a(rcc.o) (__gnu_thumb1_case_uqi)

Discarded input sections

 .text          0x0000000000000000        0x0 pwm.o
 .data          0x0000000000000000        0x0 pwm.o
 .bss           0x0000000000000000        0x0 pwm.o
 .group         0x0000000000000000        0x8 ../libopencm3/lib/libopencm3_stm32f0.a(rcc.o)
 .group         0x0000000000000000        0x8 ../libopencm3/lib/libopencm3_stm32f0.a(rcc.o)
 .group         0x0000000000000000        0x8 ../libopencm3/lib/libopencm3_stm32f0.a(rcc.o)
 .group         0x0000000000000000        0x8 ../libopencm3/lib/libopencm3_stm32f0.a(rcc.o)
 .group         0x0000000000000000        0x8 ../libopencm3/lib/libopencm3_stm32f0.a(rcc.o)
 .group         0x0000000000000000        0x8 ../libopencm3/lib/libopencm3_stm32f0.a(rcc.o)
 .group         0x0000000000000000        0x8 ../libopencm3/lib/libopencm3_stm32f0.a(rcc.o)
 .group         0x0000000000000000        0x8 ../libopencm3/lib/libopencm3_stm32f0.a(rcc.o)
 .group         0x0000000000000000        0x8 ../libopencm3/lib/libopencm3_stm32f0.a(rcc.o)
 .group         0x0000000000000000        0x8 ../libopencm3/lib/libopencm3_stm32f0.a(rcc.o)
 .group         0x0000000000000000        0x8 ../libopencm3/lib/libopencm3_stm32f0.a(rcc.o)
 .group         0x0000000000000000        0x8 ../libopencm3/lib/libopencm3_stm32f0.a(rcc.o)
 .group         0x0000000000000000        0x8 ../libopencm3/lib/libopencm3_stm32f0.a(rcc.o)
 .group         0x0000000000000000        0x8 ../libopencm3/lib/libopencm3_stm32f0.a(rcc.o)
 .group         0x0000000000000000        0x8 ../libopencm3/lib/libopencm3_stm32f0.a(rcc.o)
 .text          0x0000000000000000        0x0 ../libopencm3/lib/libopencm3_stm32f0.a(rcc.o)
 .data          0x0000000000000000        0x0 ../libopencm3/lib/libopencm3_stm32f0.a(rcc.o)
 .bss           0x0000000000000000        0x0 ../libopencm3/lib/libopencm3_stm32f0.a(rcc.o)
 .text.rcc_osc_ready_int_clear
                0x0000000000000000       0x3c ../libopencm3/lib/libopencm3_stm32f0.a(rcc.o)
 .text.rcc_osc_ready_int_enable
                0x0000000000000000       0x3c ../libopencm3/lib/libopencm3_stm32f0.a(rcc.o)
 .text.rcc_osc_ready_int_disable
                0x0000000000000000       0x58 ../libopencm3/lib/libopencm3_stm32f0.a(rcc.o)
 .text.rcc_osc_ready_int_flag
                0x0000000000000000       0x48 ../libopencm3/lib/libopencm3_stm32f0.a(rcc.o)
 .text.rcc_css_int_clear
                0x0000000000000000       0x14 ../libopencm3/lib/libopencm3_stm32f0.a(rcc.o)
 .text.rcc_css_int_flag
                0x0000000000000000       0x10 ../libopencm3/lib/libopencm3_stm32f0.a(rcc.o)
 .text.rcc_osc_off
                0x0000000000000000       0x4c ../libopencm3/lib/libopencm3_stm32f0.a(rcc.o)
 .text.rcc_css_enable
                0x0000000000000000       0x14 ../libopencm3/lib/libopencm3_stm32f0.a(rcc.o)
 .text.rcc_css_disable
                0x0000000000000000       0x14 ../libopencm3/lib/libopencm3_stm32f0.a(rcc.o)
 .text.rcc_osc_bypass_enable
                0x0000000000000000       0x28 ../libopencm3/lib/libopencm3_stm32f0.a(rcc.o)
 .text.rcc_osc_bypass_disable
                0x0000000000000000       0x2c ../libopencm3/lib/libopencm3_stm32f0.a(rcc.o)
 .text.rcc_set_usbclk_source
                0x0000000000000000       0x24 ../libopencm3/lib/libopencm3_stm32f0.a(rcc.o)
 .text.rcc_set_prediv
                0x0000000000000000       0x14 ../libopencm3/lib/libopencm3_stm32f0.a(rcc.o)
 .text.rcc_system_clock_source
                0x0000000000000000       0x34 ../libopencm3/lib/libopencm3_stm32f0.a(rcc.o)
 .text.rcc_usb_clock_source
                0x0000000000000000       0x14 ../libopencm3/lib/libopencm3_stm32f0.a(rcc.o)
 .text.rcc_clock_setup_in_hsi_out_8mhz
                0x0000000000000000       0x40 ../libopencm3/lib/libopencm3_stm32f0.a(rcc.o)
 .text.rcc_clock_setup_in_hsi_out_16mhz
                0x0000000000000000       0x6c ../libopencm3/lib/libopencm3_stm32f0.a(rcc.o)
 .text.rcc_clock_setup_in_hsi_out_24mhz
                0x0000000000000000       0x6c ../libopencm3/lib/libopencm3_stm32f0.a(rcc.o)
 .text.rcc_clock_setup_in_hsi_out_32mhz
                0x0000000000000000       0x6c ../libopencm3/lib/libopencm3_stm32f0.a(rcc.o)
 .text.rcc_clock_setup_in_hsi_out_40mhz
                0x0000000000000000       0x6c ../libopencm3/lib/libopencm3_stm32f0.a(rcc.o)
 .text.rcc_clock_setup_in_hsi48_out_48mhz
                0x0000000000000000       0x40 ../libopencm3/lib/libopencm3_stm32f0.a(rcc.o)
 .group         0x0000000000000000        0x8 ../libopencm3/lib/libopencm3_stm32f0.a(gpio_common_all.o)
 .group         0x0000000000000000        0x8 ../libopencm3/lib/libopencm3_stm32f0.a(gpio_common_all.o)
 .group         0x0000000000000000        0x8 ../libopencm3/lib/libopencm3_stm32f0.a(gpio_common_all.o)
 .group         0x0000000000000000        0x8 ../libopencm3/lib/libopencm3_stm32f0.a(gpio_common_all.o)
 .group         0x0000000000000000        0x8 ../libopencm3/lib/libopencm3_stm32f0.a(gpio_common_all.o)
 .group         0x0000000000000000        0x8 ../libopencm3/lib/libopencm3_stm32f0.a(gpio_common_all.o)
 .group         0x0000000000000000        0x8 ../libopencm3/lib/libopencm3_stm32f0.a(gpio_common_all.o)
 .group         0x0000000000000000        0x8 ../libopencm3/lib/libopencm3_stm32f0.a(gpio_common_all.o)
 .group         0x0000000000000000        0x8 ../libopencm3/lib/libopencm3_stm32f0.a(gpio_common_all.o)
 .group         0x0000000000000000        0x8 ../libopencm3/lib/libopencm3_stm32f0.a(gpio_common_all.o)
 .group         0x0000000000000000        0x8 ../libopencm3/lib/libopencm3_stm32f0.a(gpio_common_all.o)
 .group         0x0000000000000000        0x8 ../libopencm3/lib/libopencm3_stm32f0.a(gpio_common_all.o)
 .group         0x0000000000000000        0x8 ../libopencm3/lib/libopencm3_stm32f0.a(gpio_common_all.o)
 .group         0x0000000000000000        0x8 ../libopencm3/lib/libopencm3_stm32f0.a(gpio_common_all.o)
 .group         0x0000000000000000        0x8 ../libopencm3/lib/libopencm3_stm32f0.a(gpio_common_all.o)
 .text          0x0000000000000000        0x0 ../libopencm3/lib/libopencm3_stm32f0.a(gpio_common_all.o)
 .data          0x0000000000000000        0x0 ../libopencm3/lib/libopencm3_stm32f0.a(gpio_common_all.o)
 .bss           0x0000000000000000        0x0 ../libopencm3/lib/libopencm3_stm32f0.a(gpio_common_all.o)
 .text.gpio_set
                0x0000000000000000        0x4 ../libopencm3/lib/libopencm3_stm32f0.a(gpio_common_all.o)
 .text.gpio_clear
                0x0000000000000000        0x6 ../libopencm3/lib/libopencm3_stm32f0.a(gpio_common_all.o)
 .text.gpio_get
                0x0000000000000000        0x6 ../libopencm3/lib/libopencm3_stm32f0.a(gpio_common_all.o)
 .text.gpio_port_read
                0x0000000000000000        0x6 ../libopencm3/lib/libopencm3_stm32f0.a(gpio_common_all.o)
 .text.gpio_port_write
                0x0000000000000000        0x4 ../libopencm3/lib/libopencm3_stm32f0.a(gpio_common_all.o)
 .text.gpio_port_config_lock
                0x0000000000000000       0x12 ../libopencm3/lib/libopencm3_stm32f0.a(gpio_common_all.o)
 .debug_macro   0x0000000000000000      0x898 ../libopencm3/lib/libopencm3_stm32f0.a(gpio_common_all.o)
 .debug_macro   0x0000000000000000       0x22 ../libopencm3/lib/libopencm3_stm32f0.a(gpio_common_all.o)
 .debug_macro   0x0000000000000000       0x87 ../libopencm3/lib/libopencm3_stm32f0.a(gpio_common_all.o)
 .debug_macro   0x0000000000000000       0x51 ../libopencm3/lib/libopencm3_stm32f0.a(gpio_common_all.o)
 .debug_macro   0x0000000000000000       0xef ../libopencm3/lib/libopencm3_stm32f0.a(gpio_common_all.o)
 .debug_macro   0x0000000000000000       0x6a ../libopencm3/lib/libopencm3_stm32f0.a(gpio_common_all.o)
 .debug_macro   0x0000000000000000      0x1df ../libopencm3/lib/libopencm3_stm32f0.a(gpio_common_all.o)
 .debug_macro   0x0000000000000000       0x22 ../libopencm3/lib/libopencm3_stm32f0.a(gpio_common_all.o)
 .debug_macro   0x0000000000000000       0xfa ../libopencm3/lib/libopencm3_stm32f0.a(gpio_common_all.o)
 .debug_macro   0x0000000000000000       0x34 ../libopencm3/lib/libopencm3_stm32f0.a(gpio_common_all.o)
 .debug_macro   0x0000000000000000      0x15a ../libopencm3/lib/libopencm3_stm32f0.a(gpio_common_all.o)
 .group         0x0000000000000000        0x8 ../libopencm3/lib/libopencm3_stm32f0.a(gpio_common_f0234.o)
 .group         0x0000000000000000        0x8 ../libopencm3/lib/libopencm3_stm32f0.a(gpio_common_f0234.o)
 .group         0x0000000000000000        0x8 ../libopencm3/lib/libopencm3_stm32f0.a(gpio_common_f0234.o)
 .group         0x0000000000000000        0x8 ../libopencm3/lib/libopencm3_stm32f0.a(gpio_common_f0234.o)
 .group         0x0000000000000000        0x8 ../libopencm3/lib/libopencm3_stm32f0.a(gpio_common_f0234.o)
 .group         0x0000000000000000        0x8 ../libopencm3/lib/libopencm3_stm32f0.a(gpio_common_f0234.o)
 .group         0x0000000000000000        0x8 ../libopencm3/lib/libopencm3_stm32f0.a(gpio_common_f0234.o)
 .group         0x0000000000000000        0x8 ../libopencm3/lib/libopencm3_stm32f0.a(gpio_common_f0234.o)
 .group         0x0000000000000000        0x8 ../libopencm3/lib/libopencm3_stm32f0.a(gpio_common_f0234.o)
 .group         0x0000000000000000        0x8 ../libopencm3/lib/libopencm3_stm32f0.a(gpio_common_f0234.o)
 .group         0x0000000000000000        0x8 ../libopencm3/lib/libopencm3_stm32f0.a(gpio_common_f0234.o)
 .group         0x0000000000000000        0x8 ../libopencm3/lib/libopencm3_stm32f0.a(gpio_common_f0234.o)
 .group         0x0000000000000000        0x8 ../libopencm3/lib/libopencm3_stm32f0.a(gpio_common_f0234.o)
 .group         0x0000000000000000        0x8 ../libopencm3/lib/libopencm3_stm32f0.a(gpio_common_f0234.o)
 .group         0x0000000000000000        0x8 ../libopencm3/lib/libopencm3_stm32f0.a(gpio_common_f0234.o)
 .text          0x0000000000000000        0x0 ../libopencm3/lib/libopencm3_stm32f0.a(gpio_common_f0234.o)
 .data          0x0000000000000000        0x0 ../libopencm3/lib/libopencm3_stm32f0.a(gpio_common_f0234.o)
 .bss           0x0000000000000000        0x0 ../libopencm3/lib/libopencm3_stm32f0.a(gpio_common_f0234.o)
 .debug_macro   0x0000000000000000      0x898 ../libopencm3/lib/libopencm3_stm32f0.a(gpio_common_f0234.o)
 .debug_macro   0x0000000000000000       0x22 ../libopencm3/lib/libopencm3_stm32f0.a(gpio_common_f0234.o)
 .debug_macro   0x0000000000000000       0x87 ../libopencm3/lib/libopencm3_stm32f0.a(gpio_common_f0234.o)
 .debug_macro   0x0000000000000000       0x51 ../libopencm3/lib/libopencm3_stm32f0.a(gpio_common_f0234.o)
 .debug_macro   0x0000000000000000       0xef ../libopencm3/lib/libopencm3_stm32f0.a(gpio_common_f0234.o)
 .debug_macro   0x0000000000000000       0x6a ../libopencm3/lib/libopencm3_stm32f0.a(gpio_common_f0234.o)
 .debug_macro   0x0000000000000000      0x1df ../libopencm3/lib/libopencm3_stm32f0.a(gpio_common_f0234.o)
 .debug_macro   0x0000000000000000       0x22 ../libopencm3/lib/libopencm3_stm32f0.a(gpio_common_f0234.o)
 .debug_macro   0x0000000000000000       0xfa ../libopencm3/lib/libopencm3_stm32f0.a(gpio_common_f0234.o)
 .debug_macro   0x0000000000000000       0x34 ../libopencm3/lib/libopencm3_stm32f0.a(gpio_common_f0234.o)
 .debug_macro   0x0000000000000000      0x15a ../libopencm3/lib/libopencm3_stm32f0.a(gpio_common_f0234.o)
 .debug_macro   0x0000000000000000       0x76 ../libopencm3/lib/libopencm3_stm32f0.a(gpio_common_f0234.o)
 .debug_macro   0x0000000000000000      0x2e6 ../libopencm3/lib/libopencm3_stm32f0.a(gpio_common_f0234.o)
 .debug_macro   0x0000000000000000      0x14e ../libopencm3/lib/libopencm3_stm32f0.a(gpio_common_f0234.o)
 .debug_macro   0x0000000000000000       0x3a ../libopencm3/lib/libopencm3_stm32f0.a(gpio_common_f0234.o)
 .group         0x0000000000000000        0x8 ../libopencm3/lib/libopencm3_stm32f0.a(flash_common_f01.o)
 .group         0x0000000000000000        0x8 ../libopencm3/lib/libopencm3_stm32f0.a(flash_common_f01.o)
 .group         0x0000000000000000        0x8 ../libopencm3/lib/libopencm3_stm32f0.a(flash_common_f01.o)
 .group         0x0000000000000000        0x8 ../libopencm3/lib/libopencm3_stm32f0.a(flash_common_f01.o)
 .group         0x0000000000000000        0x8 ../libopencm3/lib/libopencm3_stm32f0.a(flash_common_f01.o)
 .group         0x0000000000000000        0x8 ../libopencm3/lib/libopencm3_stm32f0.a(flash_common_f01.o)
 .group         0x0000000000000000        0x8 ../libopencm3/lib/libopencm3_stm32f0.a(flash_common_f01.o)
 .group         0x0000000000000000        0x8 ../libopencm3/lib/libopencm3_stm32f0.a(flash_common_f01.o)
 .group         0x0000000000000000        0x8 ../libopencm3/lib/libopencm3_stm32f0.a(flash_common_f01.o)
 .group         0x0000000000000000        0x8 ../libopencm3/lib/libopencm3_stm32f0.a(flash_common_f01.o)
 .group         0x0000000000000000        0x8 ../libopencm3/lib/libopencm3_stm32f0.a(flash_common_f01.o)
 .group         0x0000000000000000        0x8 ../libopencm3/lib/libopencm3_stm32f0.a(flash_common_f01.o)
 .group         0x0000000000000000        0x8 ../libopencm3/lib/libopencm3_stm32f0.a(flash_common_f01.o)
 .text          0x0000000000000000        0x0 ../libopencm3/lib/libopencm3_stm32f0.a(flash_common_f01.o)
 .data          0x0000000000000000        0x0 ../libopencm3/lib/libopencm3_stm32f0.a(flash_common_f01.o)
 .bss           0x0000000000000000        0x0 ../libopencm3/lib/libopencm3_stm32f0.a(flash_common_f01.o)
 .text.flash_prefetch_buffer_enable
                0x0000000000000000       0x10 ../libopencm3/lib/libopencm3_stm32f0.a(flash_common_f01.o)
 .text.flash_prefetch_buffer_disable
                0x0000000000000000       0x10 ../libopencm3/lib/libopencm3_stm32f0.a(flash_common_f01.o)
 .text.flash_unlock
                0x0000000000000000       0x28 ../libopencm3/lib/libopencm3_stm32f0.a(flash_common_f01.o)
 .text.flash_lock
                0x0000000000000000       0x10 ../libopencm3/lib/libopencm3_stm32f0.a(flash_common_f01.o)
 .text.flash_clear_pgerr_flag
                0x0000000000000000       0x10 ../libopencm3/lib/libopencm3_stm32f0.a(flash_common_f01.o)
 .text.flash_clear_eop_flag
                0x0000000000000000       0x10 ../libopencm3/lib/libopencm3_stm32f0.a(flash_common_f01.o)
 .text.flash_clear_wrprterr_flag
                0x0000000000000000       0x10 ../libopencm3/lib/libopencm3_stm32f0.a(flash_common_f01.o)
 .text.flash_clear_bsy_flag
                0x0000000000000000       0x10 ../libopencm3/lib/libopencm3_stm32f0.a(flash_common_f01.o)
 .text.flash_wait_for_last_operation
                0x0000000000000000        0xe ../libopencm3/lib/libopencm3_stm32f0.a(flash_common_f01.o)
 .text.flash_program_word
                0x0000000000000000       0x16 ../libopencm3/lib/libopencm3_stm32f0.a(flash_common_f01.o)
 .text.flash_unlock_option_bytes
                0x0000000000000000       0x18 ../libopencm3/lib/libopencm3_stm32f0.a(flash_common_f01.o)
 .text.flash_erase_option_bytes
                0x0000000000000000       0x34 ../libopencm3/lib/libopencm3_stm32f0.a(flash_common_f01.o)
 .text.flash_program_option_bytes
                0x0000000000000000       0x30 ../libopencm3/lib/libopencm3_stm32f0.a(flash_common_f01.o)
 .debug_macro   0x0000000000000000      0x898 ../libopencm3/lib/libopencm3_stm32f0.a(flash_common_f01.o)
 .debug_macro   0x0000000000000000       0x22 ../libopencm3/lib/libopencm3_stm32f0.a(flash_common_f01.o)
 .debug_macro   0x0000000000000000       0x87 ../libopencm3/lib/libopencm3_stm32f0.a(flash_common_f01.o)
 .debug_macro   0x0000000000000000       0x51 ../libopencm3/lib/libopencm3_stm32f0.a(flash_common_f01.o)
 .debug_macro   0x0000000000000000       0xef ../libopencm3/lib/libopencm3_stm32f0.a(flash_common_f01.o)
 .debug_macro   0x0000000000000000       0x6a ../libopencm3/lib/libopencm3_stm32f0.a(flash_common_f01.o)
 .debug_macro   0x0000000000000000      0x1df ../libopencm3/lib/libopencm3_stm32f0.a(flash_common_f01.o)
 .debug_macro   0x0000000000000000       0x22 ../libopencm3/lib/libopencm3_stm32f0.a(flash_common_f01.o)
 .debug_macro   0x0000000000000000       0xfa ../libopencm3/lib/libopencm3_stm32f0.a(flash_common_f01.o)
 .debug_macro   0x0000000000000000       0x34 ../libopencm3/lib/libopencm3_stm32f0.a(flash_common_f01.o)
 .debug_macro   0x0000000000000000      0x15a ../libopencm3/lib/libopencm3_stm32f0.a(flash_common_f01.o)
 .debug_macro   0x0000000000000000       0xdc ../libopencm3/lib/libopencm3_stm32f0.a(flash_common_f01.o)
 .debug_macro   0x0000000000000000       0xd0 ../libopencm3/lib/libopencm3_stm32f0.a(flash_common_f01.o)
 .group         0x0000000000000000        0x8 ../libopencm3/lib/libopencm3_stm32f0.a(timer_common_all.o)
 .group         0x0000000000000000        0x8 ../libopencm3/lib/libopencm3_stm32f0.a(timer_common_all.o)
 .group         0x0000000000000000        0x8 ../libopencm3/lib/libopencm3_stm32f0.a(timer_common_all.o)
 .group         0x0000000000000000        0x8 ../libopencm3/lib/libopencm3_stm32f0.a(timer_common_all.o)
 .group         0x0000000000000000        0x8 ../libopencm3/lib/libopencm3_stm32f0.a(timer_common_all.o)
 .group         0x0000000000000000        0x8 ../libopencm3/lib/libopencm3_stm32f0.a(timer_common_all.o)
 .group         0x0000000000000000        0x8 ../libopencm3/lib/libopencm3_stm32f0.a(timer_common_all.o)
 .group         0x0000000000000000        0x8 ../libopencm3/lib/libopencm3_stm32f0.a(timer_common_all.o)
 .group         0x0000000000000000        0x8 ../libopencm3/lib/libopencm3_stm32f0.a(timer_common_all.o)
 .group         0x0000000000000000        0x8 ../libopencm3/lib/libopencm3_stm32f0.a(timer_common_all.o)
 .group         0x0000000000000000        0x8 ../libopencm3/lib/libopencm3_stm32f0.a(timer_common_all.o)
 .group         0x0000000000000000        0x8 ../libopencm3/lib/libopencm3_stm32f0.a(timer_common_all.o)
 .group         0x0000000000000000        0x8 ../libopencm3/lib/libopencm3_stm32f0.a(timer_common_all.o)
 .group         0x0000000000000000        0x8 ../libopencm3/lib/libopencm3_stm32f0.a(timer_common_all.o)
 .text          0x0000000000000000        0x0 ../libopencm3/lib/libopencm3_stm32f0.a(timer_common_all.o)
 .data          0x0000000000000000        0x0 ../libopencm3/lib/libopencm3_stm32f0.a(timer_common_all.o)
 .bss           0x0000000000000000        0x0 ../libopencm3/lib/libopencm3_stm32f0.a(timer_common_all.o)
 .text.timer_enable_irq
                0x0000000000000000        0x8 ../libopencm3/lib/libopencm3_stm32f0.a(timer_common_all.o)
 .text.timer_disable_irq
                0x0000000000000000        0x8 ../libopencm3/lib/libopencm3_stm32f0.a(timer_common_all.o)
 .text.timer_interrupt_source
                0x0000000000000000       0x2c ../libopencm3/lib/libopencm3_stm32f0.a(timer_common_all.o)
 .text.timer_get_flag
                0x0000000000000000        0xc ../libopencm3/lib/libopencm3_stm32f0.a(timer_common_all.o)
 .text.timer_clear_flag
                0x0000000000000000        0x6 ../libopencm3/lib/libopencm3_stm32f0.a(timer_common_all.o)
 .text.timer_set_clock_division
                0x0000000000000000       0x1c ../libopencm3/lib/libopencm3_stm32f0.a(timer_common_all.o)
 .text.timer_enable_preload
                0x0000000000000000        0xa ../libopencm3/lib/libopencm3_stm32f0.a(timer_common_all.o)
 .text.timer_disable_preload
                0x0000000000000000        0xa ../libopencm3/lib/libopencm3_stm32f0.a(timer_common_all.o)
 .text.timer_set_alignment
                0x0000000000000000       0x12 ../libopencm3/lib/libopencm3_stm32f0.a(timer_common_all.o)
 .text.timer_direction_up
                0x0000000000000000        0xa ../libopencm3/lib/libopencm3_stm32f0.a(timer_common_all.o)
 .text.timer_direction_down
                0x0000000000000000        0xa ../libopencm3/lib/libopencm3_stm32f0.a(timer_common_all.o)
 .text.timer_one_shot_mode
                0x0000000000000000        0xa ../libopencm3/lib/libopencm3_stm32f0.a(timer_common_all.o)
 .text.timer_continuous_mode
                0x0000000000000000        0xa ../libopencm3/lib/libopencm3_stm32f0.a(timer_common_all.o)
 .text.timer_update_on_any
                0x0000000000000000        0xa ../libopencm3/lib/libopencm3_stm32f0.a(timer_common_all.o)
 .text.timer_update_on_overflow
                0x0000000000000000        0xa ../libopencm3/lib/libopencm3_stm32f0.a(timer_common_all.o)
 .text.timer_enable_update_event
                0x0000000000000000        0xa ../libopencm3/lib/libopencm3_stm32f0.a(timer_common_all.o)
 .text.timer_disable_update_event
                0x0000000000000000        0xa ../libopencm3/lib/libopencm3_stm32f0.a(timer_common_all.o)
 .text.timer_disable_counter
                0x0000000000000000        0xa ../libopencm3/lib/libopencm3_stm32f0.a(timer_common_all.o)
 .text.timer_set_output_idle_state
                0x0000000000000000       0x20 ../libopencm3/lib/libopencm3_stm32f0.a(timer_common_all.o)
 .text.timer_reset_output_idle_state
                0x0000000000000000       0x20 ../libopencm3/lib/libopencm3_stm32f0.a(timer_common_all.o)
 .text.timer_set_ti1_ch123_xor
                0x0000000000000000        0xa ../libopencm3/lib/libopencm3_stm32f0.a(timer_common_all.o)
 .text.timer_set_ti1_ch1
                0x0000000000000000        0xa ../libopencm3/lib/libopencm3_stm32f0.a(timer_common_all.o)
 .text.timer_set_master_mode
                0x0000000000000000       0x10 ../libopencm3/lib/libopencm3_stm32f0.a(timer_common_all.o)
 .text.timer_set_dma_on_compare_event
                0x0000000000000000        0xa ../libopencm3/lib/libopencm3_stm32f0.a(timer_common_all.o)
 .text.timer_set_dma_on_update_event
                0x0000000000000000        0xa ../libopencm3/lib/libopencm3_stm32f0.a(timer_common_all.o)
 .text.timer_enable_compare_control_update_on_trigger
                0x0000000000000000       0x1c ../libopencm3/lib/libopencm3_stm32f0.a(timer_common_all.o)
 .text.timer_disable_compare_control_update_on_trigger
                0x0000000000000000       0x1c ../libopencm3/lib/libopencm3_stm32f0.a(timer_common_all.o)
 .text.timer_enable_preload_complementry_enable_bits
                0x0000000000000000       0x1c ../libopencm3/lib/libopencm3_stm32f0.a(timer_common_all.o)
 .text.timer_disable_preload_complementry_enable_bits
                0x0000000000000000       0x1c ../libopencm3/lib/libopencm3_stm32f0.a(timer_common_all.o)
 .text.timer_set_prescaler
                0x0000000000000000        0x4 ../libopencm3/lib/libopencm3_stm32f0.a(timer_common_all.o)
 .text.timer_set_repetition_counter
                0x0000000000000000       0x14 ../libopencm3/lib/libopencm3_stm32f0.a(timer_common_all.o)
 .text.timer_enable_oc_clear
                0x0000000000000000       0x3a ../libopencm3/lib/libopencm3_stm32f0.a(timer_common_all.o)
 .text.timer_disable_oc_clear
                0x0000000000000000       0x40 ../libopencm3/lib/libopencm3_stm32f0.a(timer_common_all.o)
 .text.timer_set_oc_fast_mode
                0x0000000000000000       0x3a ../libopencm3/lib/libopencm3_stm32f0.a(timer_common_all.o)
 .text.timer_set_oc_slow_mode
                0x0000000000000000       0x40 ../libopencm3/lib/libopencm3_stm32f0.a(timer_common_all.o)
 .text.timer_enable_oc_preload
                0x0000000000000000       0x3a ../libopencm3/lib/libopencm3_stm32f0.a(timer_common_all.o)
 .text.timer_disable_oc_preload
                0x0000000000000000       0x40 ../libopencm3/lib/libopencm3_stm32f0.a(timer_common_all.o)
 .text.timer_set_oc_polarity_high
                0x0000000000000000       0x78 ../libopencm3/lib/libopencm3_stm32f0.a(timer_common_all.o)
 .text.timer_set_oc_polarity_low
                0x0000000000000000       0x70 ../libopencm3/lib/libopencm3_stm32f0.a(timer_common_all.o)
 .text.timer_disable_oc_output
                0x0000000000000000       0x78 ../libopencm3/lib/libopencm3_stm32f0.a(timer_common_all.o)
 .text.timer_set_oc_idle_state_set
                0x0000000000000000       0x48 ../libopencm3/lib/libopencm3_stm32f0.a(timer_common_all.o)
 .text.timer_set_oc_idle_state_unset
                0x0000000000000000       0x64 ../libopencm3/lib/libopencm3_stm32f0.a(timer_common_all.o)
 .text.timer_disable_break_main_output
                0x0000000000000000       0x20 ../libopencm3/lib/libopencm3_stm32f0.a(timer_common_all.o)
 .text.timer_enable_break_automatic_output
                0x0000000000000000       0x1c ../libopencm3/lib/libopencm3_stm32f0.a(timer_common_all.o)
 .text.timer_disable_break_automatic_output
                0x0000000000000000       0x20 ../libopencm3/lib/libopencm3_stm32f0.a(timer_common_all.o)
 .text.timer_set_break_polarity_high
                0x0000000000000000       0x1c ../libopencm3/lib/libopencm3_stm32f0.a(timer_common_all.o)
 .text.timer_set_break_polarity_low
                0x0000000000000000       0x20 ../libopencm3/lib/libopencm3_stm32f0.a(timer_common_all.o)
 .text.timer_enable_break
                0x0000000000000000       0x1c ../libopencm3/lib/libopencm3_stm32f0.a(timer_common_all.o)
 .text.timer_disable_break
                0x0000000000000000       0x20 ../libopencm3/lib/libopencm3_stm32f0.a(timer_common_all.o)
 .text.timer_set_enabled_off_state_in_run_mode
                0x0000000000000000       0x1c ../libopencm3/lib/libopencm3_stm32f0.a(timer_common_all.o)
 .text.timer_set_disabled_off_state_in_run_mode
                0x0000000000000000       0x20 ../libopencm3/lib/libopencm3_stm32f0.a(timer_common_all.o)
 .text.timer_set_enabled_off_state_in_idle_mode
                0x0000000000000000       0x1c ../libopencm3/lib/libopencm3_stm32f0.a(timer_common_all.o)
 .text.timer_set_disabled_off_state_in_idle_mode
                0x0000000000000000       0x20 ../libopencm3/lib/libopencm3_stm32f0.a(timer_common_all.o)
 .text.timer_set_deadtime
                0x0000000000000000       0x18 ../libopencm3/lib/libopencm3_stm32f0.a(timer_common_all.o)
 .text.timer_set_break_lock
                0x0000000000000000        0x8 ../libopencm3/lib/libopencm3_stm32f0.a(timer_common_all.o)
 .text.timer_generate_event
                0x0000000000000000        0x8 ../libopencm3/lib/libopencm3_stm32f0.a(timer_common_all.o)
 .text.timer_get_counter
                0x0000000000000000        0x4 ../libopencm3/lib/libopencm3_stm32f0.a(timer_common_all.o)
 .text.timer_set_counter
                0x0000000000000000        0x4 ../libopencm3/lib/libopencm3_stm32f0.a(timer_common_all.o)
 .text.timer_ic_set_filter
                0x0000000000000000       0x58 ../libopencm3/lib/libopencm3_stm32f0.a(timer_common_all.o)
 .text.timer_ic_set_prescaler
                0x0000000000000000       0x58 ../libopencm3/lib/libopencm3_stm32f0.a(timer_common_all.o)
 .text.timer_ic_set_input
                0x0000000000000000       0x6c ../libopencm3/lib/libopencm3_stm32f0.a(timer_common_all.o)
 .text.timer_ic_enable
                0x0000000000000000        0xe ../libopencm3/lib/libopencm3_stm32f0.a(timer_common_all.o)
 .text.timer_ic_disable
                0x0000000000000000        0xe ../libopencm3/lib/libopencm3_stm32f0.a(timer_common_all.o)
 .text.timer_slave_set_filter
                0x0000000000000000       0x18 ../libopencm3/lib/libopencm3_stm32f0.a(timer_common_all.o)
 .text.timer_slave_set_prescaler
                0x0000000000000000       0x18 ../libopencm3/lib/libopencm3_stm32f0.a(timer_common_all.o)
 .text.timer_slave_set_polarity
                0x0000000000000000       0x1c ../libopencm3/lib/libopencm3_stm32f0.a(timer_common_all.o)
 .text.timer_slave_set_mode
                0x0000000000000000       0x10 ../libopencm3/lib/libopencm3_stm32f0.a(timer_common_all.o)
 .text.timer_slave_set_trigger
                0x0000000000000000       0x10 ../libopencm3/lib/libopencm3_stm32f0.a(timer_common_all.o)
 .debug_macro   0x0000000000000000      0x898 ../libopencm3/lib/libopencm3_stm32f0.a(timer_common_all.o)
 .debug_macro   0x0000000000000000       0x22 ../libopencm3/lib/libopencm3_stm32f0.a(timer_common_all.o)
 .debug_macro   0x0000000000000000       0x87 ../libopencm3/lib/libopencm3_stm32f0.a(timer_common_all.o)
 .debug_macro   0x0000000000000000       0x51 ../libopencm3/lib/libopencm3_stm32f0.a(timer_common_all.o)
 .debug_macro   0x0000000000000000       0xef ../libopencm3/lib/libopencm3_stm32f0.a(timer_common_all.o)
 .debug_macro   0x0000000000000000       0x6a ../libopencm3/lib/libopencm3_stm32f0.a(timer_common_all.o)
 .debug_macro   0x0000000000000000      0x1df ../libopencm3/lib/libopencm3_stm32f0.a(timer_common_all.o)
 .debug_macro   0x0000000000000000       0x22 ../libopencm3/lib/libopencm3_stm32f0.a(timer_common_all.o)
 .debug_macro   0x0000000000000000       0xfa ../libopencm3/lib/libopencm3_stm32f0.a(timer_common_all.o)
 .debug_macro   0x0000000000000000       0x34 ../libopencm3/lib/libopencm3_stm32f0.a(timer_common_all.o)
 .debug_macro   0x0000000000000000      0x15a ../libopencm3/lib/libopencm3_stm32f0.a(timer_common_all.o)
 .debug_macro   0x0000000000000000      0x71c ../libopencm3/lib/libopencm3_stm32f0.a(timer_common_all.o)
 .group         0x0000000000000000        0x8 ../libopencm3/lib/libopencm3_stm32f0.a(rcc_common_all.o)
 .group         0x0000000000000000        0x8 ../libopencm3/lib/libopencm3_stm32f0.a(rcc_common_all.o)
 .group         0x0000000000000000        0x8 ../libopencm3/lib/libopencm3_stm32f0.a(rcc_common_all.o)
 .group         0x0000000000000000        0x8 ../libopencm3/lib/libopencm3_stm32f0.a(rcc_common_all.o)
 .group         0x0000000000000000        0x8 ../libopencm3/lib/libopencm3_stm32f0.a(rcc_common_all.o)
 .group         0x0000000000000000        0x8 ../libopencm3/lib/libopencm3_stm32f0.a(rcc_common_all.o)
 .group         0x0000000000000000        0x8 ../libopencm3/lib/libopencm3_stm32f0.a(rcc_common_all.o)
 .group         0x0000000000000000        0x8 ../libopencm3/lib/libopencm3_stm32f0.a(rcc_common_all.o)
 .group         0x0000000000000000        0x8 ../libopencm3/lib/libopencm3_stm32f0.a(rcc_common_all.o)
 .group         0x0000000000000000        0x8 ../libopencm3/lib/libopencm3_stm32f0.a(rcc_common_all.o)
 .group         0x0000000000000000        0x8 ../libopencm3/lib/libopencm3_stm32f0.a(rcc_common_all.o)
 .group         0x0000000000000000        0x8 ../libopencm3/lib/libopencm3_stm32f0.a(rcc_common_all.o)
 .text          0x0000000000000000        0x0 ../libopencm3/lib/libopencm3_stm32f0.a(rcc_common_all.o)
 .data          0x0000000000000000        0x0 ../libopencm3/lib/libopencm3_stm32f0.a(rcc_common_all.o)
 .bss           0x0000000000000000        0x0 ../libopencm3/lib/libopencm3_stm32f0.a(rcc_common_all.o)
 .text.rcc_peripheral_enable_clock
                0x0000000000000000        0x8 ../libopencm3/lib/libopencm3_stm32f0.a(rcc_common_all.o)
 .text.rcc_peripheral_disable_clock
                0x0000000000000000        0x8 ../libopencm3/lib/libopencm3_stm32f0.a(rcc_common_all.o)
 .text.rcc_peripheral_reset
                0x0000000000000000        0x8 ../libopencm3/lib/libopencm3_stm32f0.a(rcc_common_all.o)
 .text.rcc_peripheral_clear_reset
                0x0000000000000000        0x8 ../libopencm3/lib/libopencm3_stm32f0.a(rcc_common_all.o)
 .text.rcc_periph_clock_disable
                0x0000000000000000       0x1c ../libopencm3/lib/libopencm3_stm32f0.a(rcc_common_all.o)
 .text.rcc_periph_reset_hold
                0x0000000000000000       0x1c ../libopencm3/lib/libopencm3_stm32f0.a(rcc_common_all.o)
 .text.rcc_periph_reset_release
                0x0000000000000000       0x1c ../libopencm3/lib/libopencm3_stm32f0.a(rcc_common_all.o)
 .text.rcc_set_mco
                0x0000000000000000       0x18 ../libopencm3/lib/libopencm3_stm32f0.a(rcc_common_all.o)
 .debug_macro   0x0000000000000000      0x898 ../libopencm3/lib/libopencm3_stm32f0.a(rcc_common_all.o)
 .debug_macro   0x0000000000000000       0x22 ../libopencm3/lib/libopencm3_stm32f0.a(rcc_common_all.o)
 .debug_macro   0x0000000000000000       0x87 ../libopencm3/lib/libopencm3_stm32f0.a(rcc_common_all.o)
 .debug_macro   0x0000000000000000       0x51 ../libopencm3/lib/libopencm3_stm32f0.a(rcc_common_all.o)
 .debug_macro   0x0000000000000000       0xef ../libopencm3/lib/libopencm3_stm32f0.a(rcc_common_all.o)
 .debug_macro   0x0000000000000000       0x6a ../libopencm3/lib/libopencm3_stm32f0.a(rcc_common_all.o)
 .debug_macro   0x0000000000000000      0x1df ../libopencm3/lib/libopencm3_stm32f0.a(rcc_common_all.o)
 .debug_macro   0x0000000000000000       0x22 ../libopencm3/lib/libopencm3_stm32f0.a(rcc_common_all.o)
 .debug_macro   0x0000000000000000       0xfa ../libopencm3/lib/libopencm3_stm32f0.a(rcc_common_all.o)
 .debug_macro   0x0000000000000000       0x34 ../libopencm3/lib/libopencm3_stm32f0.a(rcc_common_all.o)
 .debug_macro   0x0000000000000000      0x15a ../libopencm3/lib/libopencm3_stm32f0.a(rcc_common_all.o)
 .debug_macro   0x0000000000000000      0x71c ../libopencm3/lib/libopencm3_stm32f0.a(rcc_common_all.o)
 .group         0x0000000000000000        0x8 ../libopencm3/lib/libopencm3_stm32f0.a(vector.o)
 .group         0x0000000000000000        0x8 ../libopencm3/lib/libopencm3_stm32f0.a(vector.o)
 .group         0x0000000000000000        0x8 ../libopencm3/lib/libopencm3_stm32f0.a(vector.o)
 .group         0x0000000000000000        0x8 ../libopencm3/lib/libopencm3_stm32f0.a(vector.o)
 .group         0x0000000000000000        0x8 ../libopencm3/lib/libopencm3_stm32f0.a(vector.o)
 .group         0x0000000000000000        0x8 ../libopencm3/lib/libopencm3_stm32f0.a(vector.o)
 .group         0x0000000000000000        0x8 ../libopencm3/lib/libopencm3_stm32f0.a(vector.o)
 .group         0x0000000000000000        0x8 ../libopencm3/lib/libopencm3_stm32f0.a(vector.o)
 .group         0x0000000000000000        0x8 ../libopencm3/lib/libopencm3_stm32f0.a(vector.o)
 .group         0x0000000000000000        0x8 ../libopencm3/lib/libopencm3_stm32f0.a(vector.o)
 .group         0x0000000000000000        0x8 ../libopencm3/lib/libopencm3_stm32f0.a(vector.o)
 .group         0x0000000000000000        0x8 ../libopencm3/lib/libopencm3_stm32f0.a(vector.o)
 .group         0x0000000000000000        0x8 ../libopencm3/lib/libopencm3_stm32f0.a(vector.o)
 .text          0x0000000000000000        0x0 ../libopencm3/lib/libopencm3_stm32f0.a(vector.o)
 .data          0x0000000000000000        0x0 ../libopencm3/lib/libopencm3_stm32f0.a(vector.o)
 .bss           0x0000000000000000        0x0 ../libopencm3/lib/libopencm3_stm32f0.a(vector.o)
 .debug_macro   0x0000000000000000      0x898 ../libopencm3/lib/libopencm3_stm32f0.a(vector.o)
 .debug_macro   0x0000000000000000       0x34 ../libopencm3/lib/libopencm3_stm32f0.a(vector.o)
 .debug_macro   0x0000000000000000       0x22 ../libopencm3/lib/libopencm3_stm32f0.a(vector.o)
 .debug_macro   0x0000000000000000       0x87 ../libopencm3/lib/libopencm3_stm32f0.a(vector.o)
 .debug_macro   0x0000000000000000       0x51 ../libopencm3/lib/libopencm3_stm32f0.a(vector.o)
 .debug_macro   0x0000000000000000       0xef ../libopencm3/lib/libopencm3_stm32f0.a(vector.o)
 .debug_macro   0x0000000000000000       0x6a ../libopencm3/lib/libopencm3_stm32f0.a(vector.o)
 .debug_macro   0x0000000000000000      0x1df ../libopencm3/lib/libopencm3_stm32f0.a(vector.o)
 .debug_macro   0x0000000000000000       0x22 ../libopencm3/lib/libopencm3_stm32f0.a(vector.o)
 .debug_macro   0x0000000000000000       0xfa ../libopencm3/lib/libopencm3_stm32f0.a(vector.o)
 .group         0x0000000000000000        0x8 ../libopencm3/lib/libopencm3_stm32f0.a(assert.o)
 .group         0x0000000000000000        0x8 ../libopencm3/lib/libopencm3_stm32f0.a(assert.o)
 .group         0x0000000000000000        0x8 ../libopencm3/lib/libopencm3_stm32f0.a(assert.o)
 .group         0x0000000000000000        0x8 ../libopencm3/lib/libopencm3_stm32f0.a(assert.o)
 .group         0x0000000000000000        0x8 ../libopencm3/lib/libopencm3_stm32f0.a(assert.o)
 .group         0x0000000000000000        0x8 ../libopencm3/lib/libopencm3_stm32f0.a(assert.o)
 .group         0x0000000000000000        0x8 ../libopencm3/lib/libopencm3_stm32f0.a(assert.o)
 .group         0x0000000000000000        0x8 ../libopencm3/lib/libopencm3_stm32f0.a(assert.o)
 .group         0x0000000000000000        0x8 ../libopencm3/lib/libopencm3_stm32f0.a(assert.o)
 .group         0x0000000000000000        0x8 ../libopencm3/lib/libopencm3_stm32f0.a(assert.o)
 .text          0x0000000000000000        0x0 ../libopencm3/lib/libopencm3_stm32f0.a(assert.o)
 .data          0x0000000000000000        0x0 ../libopencm3/lib/libopencm3_stm32f0.a(assert.o)
 .bss           0x0000000000000000        0x0 ../libopencm3/lib/libopencm3_stm32f0.a(assert.o)
 .text.cm3_assert_failed
                0x0000000000000000        0x2 ../libopencm3/lib/libopencm3_stm32f0.a(assert.o)
 .text.cm3_assert_failed_verbose
                0x0000000000000000        0x6 ../libopencm3/lib/libopencm3_stm32f0.a(assert.o)
 .debug_info    0x0000000000000000       0xee ../libopencm3/lib/libopencm3_stm32f0.a(assert.o)
 .debug_abbrev  0x0000000000000000       0x8f ../libopencm3/lib/libopencm3_stm32f0.a(assert.o)
 .debug_loc     0x0000000000000000       0x84 ../libopencm3/lib/libopencm3_stm32f0.a(assert.o)
 .debug_aranges
                0x0000000000000000       0x28 ../libopencm3/lib/libopencm3_stm32f0.a(assert.o)
 .debug_ranges  0x0000000000000000       0x18 ../libopencm3/lib/libopencm3_stm32f0.a(assert.o)
 .debug_macro   0x0000000000000000       0x8a ../libopencm3/lib/libopencm3_stm32f0.a(assert.o)
 .debug_macro   0x0000000000000000      0x898 ../libopencm3/lib/libopencm3_stm32f0.a(assert.o)
 .debug_macro   0x0000000000000000       0x22 ../libopencm3/lib/libopencm3_stm32f0.a(assert.o)
 .debug_macro   0x0000000000000000       0x87 ../libopencm3/lib/libopencm3_stm32f0.a(assert.o)
 .debug_macro   0x0000000000000000       0x51 ../libopencm3/lib/libopencm3_stm32f0.a(assert.o)
 .debug_macro   0x0000000000000000       0xef ../libopencm3/lib/libopencm3_stm32f0.a(assert.o)
 .debug_macro   0x0000000000000000       0x6a ../libopencm3/lib/libopencm3_stm32f0.a(assert.o)
 .debug_macro   0x0000000000000000      0x1df ../libopencm3/lib/libopencm3_stm32f0.a(assert.o)
 .debug_macro   0x0000000000000000       0x22 ../libopencm3/lib/libopencm3_stm32f0.a(assert.o)
 .debug_macro   0x0000000000000000       0xfa ../libopencm3/lib/libopencm3_stm32f0.a(assert.o)
 .debug_macro   0x0000000000000000       0x16 ../libopencm3/lib/libopencm3_stm32f0.a(assert.o)
 .debug_line    0x0000000000000000      0x187 ../libopencm3/lib/libopencm3_stm32f0.a(assert.o)
 .debug_str     0x0000000000000000     0x37e5 ../libopencm3/lib/libopencm3_stm32f0.a(assert.o)
 .comment       0x0000000000000000       0x1e ../libopencm3/lib/libopencm3_stm32f0.a(assert.o)
 .debug_frame   0x0000000000000000       0x38 ../libopencm3/lib/libopencm3_stm32f0.a(assert.o)
 .ARM.attributes
                0x0000000000000000       0x31 ../libopencm3/lib/libopencm3_stm32f0.a(assert.o)
 .group         0x0000000000000000        0x8 ../libopencm3/lib/libopencm3_stm32f0.a(flash.o)
 .group         0x0000000000000000        0x8 ../libopencm3/lib/libopencm3_stm32f0.a(flash.o)
 .group         0x0000000000000000        0x8 ../libopencm3/lib/libopencm3_stm32f0.a(flash.o)
 .group         0x0000000000000000        0x8 ../libopencm3/lib/libopencm3_stm32f0.a(flash.o)
 .group         0x0000000000000000        0x8 ../libopencm3/lib/libopencm3_stm32f0.a(flash.o)
 .group         0x0000000000000000        0x8 ../libopencm3/lib/libopencm3_stm32f0.a(flash.o)
 .group         0x0000000000000000        0x8 ../libopencm3/lib/libopencm3_stm32f0.a(flash.o)
 .group         0x0000000000000000        0x8 ../libopencm3/lib/libopencm3_stm32f0.a(flash.o)
 .group         0x0000000000000000        0x8 ../libopencm3/lib/libopencm3_stm32f0.a(flash.o)
 .group         0x0000000000000000        0x8 ../libopencm3/lib/libopencm3_stm32f0.a(flash.o)
 .group         0x0000000000000000        0x8 ../libopencm3/lib/libopencm3_stm32f0.a(flash.o)
 .group         0x0000000000000000        0x8 ../libopencm3/lib/libopencm3_stm32f0.a(flash.o)
 .group         0x0000000000000000        0x8 ../libopencm3/lib/libopencm3_stm32f0.a(flash.o)
 .text          0x0000000000000000        0x0 ../libopencm3/lib/libopencm3_stm32f0.a(flash.o)
 .data          0x0000000000000000        0x0 ../libopencm3/lib/libopencm3_stm32f0.a(flash.o)
 .bss           0x0000000000000000        0x0 ../libopencm3/lib/libopencm3_stm32f0.a(flash.o)
 .text.flash_clear_status_flags
                0x0000000000000000       0x14 ../libopencm3/lib/libopencm3_stm32f0.a(flash.o)
 .text.flash_get_status_flags
                0x0000000000000000       0x10 ../libopencm3/lib/libopencm3_stm32f0.a(flash.o)
 .text.flash_program_half_word
                0x0000000000000000       0x28 ../libopencm3/lib/libopencm3_stm32f0.a(flash.o)
 .text.flash_erase_page
                0x0000000000000000       0x34 ../libopencm3/lib/libopencm3_stm32f0.a(flash.o)
 .text.flash_erase_all_pages
                0x0000000000000000       0x28 ../libopencm3/lib/libopencm3_stm32f0.a(flash.o)
 .debug_info    0x0000000000000000      0x1c7 ../libopencm3/lib/libopencm3_stm32f0.a(flash.o)
 .debug_abbrev  0x0000000000000000       0x99 ../libopencm3/lib/libopencm3_stm32f0.a(flash.o)
 .debug_loc     0x0000000000000000       0x79 ../libopencm3/lib/libopencm3_stm32f0.a(flash.o)
 .debug_aranges
                0x0000000000000000       0x40 ../libopencm3/lib/libopencm3_stm32f0.a(flash.o)
 .debug_ranges  0x0000000000000000       0x30 ../libopencm3/lib/libopencm3_stm32f0.a(flash.o)
 .debug_macro   0x0000000000000000       0xb9 ../libopencm3/lib/libopencm3_stm32f0.a(flash.o)
 .debug_macro   0x0000000000000000      0x898 ../libopencm3/lib/libopencm3_stm32f0.a(flash.o)
 .debug_macro   0x0000000000000000       0x22 ../libopencm3/lib/libopencm3_stm32f0.a(flash.o)
 .debug_macro   0x0000000000000000       0x87 ../libopencm3/lib/libopencm3_stm32f0.a(flash.o)
 .debug_macro   0x0000000000000000       0x51 ../libopencm3/lib/libopencm3_stm32f0.a(flash.o)
 .debug_macro   0x0000000000000000       0xef ../libopencm3/lib/libopencm3_stm32f0.a(flash.o)
 .debug_macro   0x0000000000000000       0x6a ../libopencm3/lib/libopencm3_stm32f0.a(flash.o)
 .debug_macro   0x0000000000000000      0x1df ../libopencm3/lib/libopencm3_stm32f0.a(flash.o)
 .debug_macro   0x0000000000000000       0x22 ../libopencm3/lib/libopencm3_stm32f0.a(flash.o)
 .debug_macro   0x0000000000000000       0xfa ../libopencm3/lib/libopencm3_stm32f0.a(flash.o)
 .debug_macro   0x0000000000000000       0x34 ../libopencm3/lib/libopencm3_stm32f0.a(flash.o)
 .debug_macro   0x0000000000000000      0x15a ../libopencm3/lib/libopencm3_stm32f0.a(flash.o)
 .debug_macro   0x0000000000000000       0xdc ../libopencm3/lib/libopencm3_stm32f0.a(flash.o)
 .debug_macro   0x0000000000000000       0xd0 ../libopencm3/lib/libopencm3_stm32f0.a(flash.o)
 .debug_line    0x0000000000000000      0x298 ../libopencm3/lib/libopencm3_stm32f0.a(flash.o)
 .debug_str     0x0000000000000000     0x4ab7 ../libopencm3/lib/libopencm3_stm32f0.a(flash.o)
 .comment       0x0000000000000000       0x1e ../libopencm3/lib/libopencm3_stm32f0.a(flash.o)
 .debug_frame   0x0000000000000000       0x90 ../libopencm3/lib/libopencm3_stm32f0.a(flash.o)
 .ARM.attributes
                0x0000000000000000       0x31 ../libopencm3/lib/libopencm3_stm32f0.a(flash.o)
 .data          0x0000000000000000        0x0 /usr/lib/gcc/arm-none-eabi/6.3.0/armv6-m/libgcc.a(_thumb1_case_uqi.o)
 .bss           0x0000000000000000        0x0 /usr/lib/gcc/arm-none-eabi/6.3.0/armv6-m/libgcc.a(_thumb1_case_uqi.o)

Memory Configuration

Name             Origin             Length             Attributes
rom              0x0000000008000000 0x0000000000008000 xr
ram              0x0000000020000000 0x0000000000001800 xrw
*default*        0x0000000000000000 0xffffffffffffffff

Linker script and memory map

LOAD pwm.o
LOAD ../libopencm3/lib/libopencm3_stm32f0.a
START GROUP
LOAD /usr/lib/gcc/arm-none-eabi/6.3.0/../../../../arm-none-eabi/lib/armv6-m/libc.a
LOAD /usr/lib/gcc/arm-none-eabi/6.3.0/armv6-m/libgcc.a
LOAD /usr/lib/gcc/arm-none-eabi/6.3.0/../../../../arm-none-eabi/lib/armv6-m/libnosys.a
END GROUP
START GROUP
LOAD /usr/lib/gcc/arm-none-eabi/6.3.0/armv6-m/libgcc.a
LOAD /usr/lib/gcc/arm-none-eabi/6.3.0/../../../../arm-none-eabi/lib/armv6-m/libc.a
END GROUP

.text           0x0000000008000000      0x7b0
 *(.vectors)
 .vectors       0x0000000008000000       0xc0 ../libopencm3/lib/libopencm3_stm32f0.a(vector.o)
                0x0000000008000000                vector_table
 *(.text*)
 .text.startup.main
                0x00000000080000c0       0xb4 pwm.o
                0x00000000080000c0                main
 .text.rcc_is_osc_ready
                0x0000000008000174       0x54 ../libopencm3/lib/libopencm3_stm32f0.a(rcc.o)
                0x0000000008000174                rcc_is_osc_ready
 .text.rcc_wait_for_osc_ready
                0x00000000080001c8       0x10 ../libopencm3/lib/libopencm3_stm32f0.a(rcc.o)
                0x00000000080001c8                rcc_wait_for_osc_ready
 .text.rcc_osc_on
                0x00000000080001d8       0x54 ../libopencm3/lib/libopencm3_stm32f0.a(rcc.o)
                0x00000000080001d8                rcc_osc_on
 .text.rcc_set_sysclk_source
                0x000000000800022c       0x4c ../libopencm3/lib/libopencm3_stm32f0.a(rcc.o)
                0x000000000800022c                rcc_set_sysclk_source
 .text.rcc_set_pll_multiplication_factor
                0x0000000008000278       0x18 ../libopencm3/lib/libopencm3_stm32f0.a(rcc.o)
                0x0000000008000278                rcc_set_pll_multiplication_factor
 .text.rcc_set_ppre
                0x0000000008000290       0x18 ../libopencm3/lib/libopencm3_stm32f0.a(rcc.o)
                0x0000000008000290                rcc_set_ppre
 .text.rcc_set_hpre
                0x00000000080002a8       0x14 ../libopencm3/lib/libopencm3_stm32f0.a(rcc.o)
                0x00000000080002a8                rcc_set_hpre
 .text.rcc_clock_setup_in_hsi_out_48mhz
                0x00000000080002bc       0x6c ../libopencm3/lib/libopencm3_stm32f0.a(rcc.o)
                0x00000000080002bc                rcc_clock_setup_in_hsi_out_48mhz
 .text.gpio_toggle
                0x0000000008000328       0x10 ../libopencm3/lib/libopencm3_stm32f0.a(gpio_common_all.o)
                0x0000000008000328                gpio_toggle
 .text.gpio_mode_setup
                0x0000000008000338       0x3a ../libopencm3/lib/libopencm3_stm32f0.a(gpio_common_f0234.o)
                0x0000000008000338                gpio_mode_setup
 .text.gpio_set_output_options
                0x0000000008000372       0x3a ../libopencm3/lib/libopencm3_stm32f0.a(gpio_common_f0234.o)
                0x0000000008000372                gpio_set_output_options
 .text.gpio_set_af
                0x00000000080003ac       0x58 ../libopencm3/lib/libopencm3_stm32f0.a(gpio_common_f0234.o)
                0x00000000080003ac                gpio_set_af
 .text.flash_set_ws
                0x0000000008000404       0x14 ../libopencm3/lib/libopencm3_stm32f0.a(flash_common_f01.o)
                0x0000000008000404                flash_set_ws
 .text.timer_reset
                0x0000000008000418       0x5c ../libopencm3/lib/libopencm3_stm32f0.a(timer_common_all.o)
                0x0000000008000418                timer_reset
 .text.timer_set_mode
                0x0000000008000474       0x18 ../libopencm3/lib/libopencm3_stm32f0.a(timer_common_all.o)
                0x0000000008000474                timer_set_mode
 .text.timer_enable_counter
                0x000000000800048c        0xa ../libopencm3/lib/libopencm3_stm32f0.a(timer_common_all.o)
                0x000000000800048c                timer_enable_counter
 .text.timer_set_period
                0x0000000008000496        0x4 ../libopencm3/lib/libopencm3_stm32f0.a(timer_common_all.o)
                0x0000000008000496                timer_set_period
 *fill*         0x000000000800049a        0x2 
 .text.timer_set_oc_mode
                0x000000000800049c      0x180 ../libopencm3/lib/libopencm3_stm32f0.a(timer_common_all.o)
                0x000000000800049c                timer_set_oc_mode
 .text.timer_enable_oc_output
                0x000000000800061c       0x70 ../libopencm3/lib/libopencm3_stm32f0.a(timer_common_all.o)
                0x000000000800061c                timer_enable_oc_output
 .text.timer_set_oc_value
                0x000000000800068c       0x26 ../libopencm3/lib/libopencm3_stm32f0.a(timer_common_all.o)
                0x000000000800068c                timer_set_oc_value
 *fill*         0x00000000080006b2        0x2 
 .text.timer_enable_break_main_output
                0x00000000080006b4       0x1c ../libopencm3/lib/libopencm3_stm32f0.a(timer_common_all.o)
                0x00000000080006b4                timer_enable_break_main_output
 .text.rcc_periph_clock_enable
                0x00000000080006d0       0x1c ../libopencm3/lib/libopencm3_stm32f0.a(rcc_common_all.o)
                0x00000000080006d0                rcc_periph_clock_enable
 .text.rcc_periph_reset_pulse
                0x00000000080006ec       0x20 ../libopencm3/lib/libopencm3_stm32f0.a(rcc_common_all.o)
                0x00000000080006ec                rcc_periph_reset_pulse
 .text.blocking_handler
                0x000000000800070c        0x2 ../libopencm3/lib/libopencm3_stm32f0.a(vector.o)
                0x000000000800070c                rtc_isr
                0x000000000800070c                tim7_isr
                0x000000000800070c                blocking_handler
                0x000000000800070c                tsc_isr
                0x000000000800070c                spi1_isr
                0x000000000800070c                i2c1_isr
                0x000000000800070c                tim17_isr
                0x000000000800070c                i2c2_isr
                0x000000000800070c                usart1_isr
                0x000000000800070c                usart3_4_isr
                0x000000000800070c                tim1_cc_isr
                0x000000000800070c                exti2_3_isr
                0x000000000800070c                tim16_isr
                0x000000000800070c                pvd_isr
                0x000000000800070c                rcc_isr
                0x000000000800070c                flash_isr
                0x000000000800070c                hard_fault_handler
                0x000000000800070c                tim14_isr
                0x000000000800070c                spi2_isr
                0x000000000800070c                usb_isr
                0x000000000800070c                tim15_isr
                0x000000000800070c                tim3_isr
                0x000000000800070c                usart2_isr
                0x000000000800070c                adc_comp_isr
                0x000000000800070c                dma1_channel1_isr
                0x000000000800070c                tim6_dac_isr
                0x000000000800070c                tim1_brk_up_trg_com_isr
                0x000000000800070c                dma1_channel2_3_isr
                0x000000000800070c                exti4_15_isr
                0x000000000800070c                cec_can_isr
                0x000000000800070c                wwdg_isr
                0x000000000800070c                tim2_isr
                0x000000000800070c                dma1_channel4_5_isr
                0x000000000800070c                exti0_1_isr
 .text.null_handler
                0x000000000800070e        0x2 ../libopencm3/lib/libopencm3_stm32f0.a(vector.o)
                0x000000000800070e                null_handler
                0x000000000800070e                sv_call_handler
                0x000000000800070e                pend_sv_handler
                0x000000000800070e                sys_tick_handler
                0x000000000800070e                nmi_handler
 .text.reset_handler
                0x0000000008000710       0x8c ../libopencm3/lib/libopencm3_stm32f0.a(vector.o)
                0x0000000008000710                reset_handler
 .text          0x000000000800079c       0x14 /usr/lib/gcc/arm-none-eabi/6.3.0/armv6-m/libgcc.a(_thumb1_case_uqi.o)
                0x000000000800079c                __gnu_thumb1_case_uqi
                0x00000000080007b0                . = ALIGN (0x4)
 *(.rodata*)
                0x00000000080007b0                . = ALIGN (0x4)

.glue_7         0x00000000080007b0        0x0
 .glue_7        0x00000000080007b0        0x0 linker stubs

.glue_7t        0x00000000080007b0        0x0
 .glue_7t       0x00000000080007b0        0x0 linker stubs

.vfp11_veneer   0x00000000080007b0        0x0
 .vfp11_veneer  0x00000000080007b0        0x0 linker stubs

.v4_bx          0x00000000080007b0        0x0
 .v4_bx         0x00000000080007b0        0x0 linker stubs

.iplt           0x00000000080007b0        0x0
 .iplt          0x00000000080007b0        0x0 pwm.o

.rel.dyn        0x00000000080007b0        0x0
 .rel.iplt      0x00000000080007b0        0x0 pwm.o

.preinit_array  0x00000000080007b0        0x0
                0x00000000080007b0                . = ALIGN (0x4)
                0x00000000080007b0                __preinit_array_start = .
 *(.preinit_array)
                0x00000000080007b0                __preinit_array_end = .

.init_array     0x00000000080007b0        0x0
                0x00000000080007b0                . = ALIGN (0x4)
                0x00000000080007b0                __init_array_start = .
 *(SORT(.init_array.*))
 *(.init_array)
                0x00000000080007b0                __init_array_end = .

.fini_array     0x00000000080007b0        0x0
                0x00000000080007b0                . = ALIGN (0x4)
                0x00000000080007b0                __fini_array_start = .
 *(.fini_array)
 *(SORT(.fini_array.*))
                0x00000000080007b0                __fini_array_end = .

.ARM.extab
 *(.ARM.extab*)

.ARM.exidx      0x00000000080007b0        0x0
                0x00000000080007b0                __exidx_start = .
 *(.ARM.exidx*)
                0x00000000080007b0                __exidx_end = .
                0x00000000080007b0                . = ALIGN (0x4)
                0x00000000080007b0                _etext = .

.data           0x0000000020000000        0x8 load address 0x00000000080007b0
                0x0000000020000000                _data = .
 *(.data*)
 .data.rcc_ahb_frequency
                0x0000000020000000        0x4 ../libopencm3/lib/libopencm3_stm32f0.a(rcc.o)
                0x0000000020000000                rcc_ahb_frequency
 .data.rcc_apb1_frequency
                0x0000000020000004        0x4 ../libopencm3/lib/libopencm3_stm32f0.a(rcc.o)
                0x0000000020000004                rcc_apb1_frequency
                0x0000000020000008                . = ALIGN (0x4)
                0x0000000020000008                _edata = .
                0x00000000080007b0                _data_loadaddr = LOADADDR (.data)

.igot.plt       0x0000000020000008        0x0 load address 0x00000000080007b8
 .igot.plt      0x0000000020000008        0x0 pwm.o

.bss            0x0000000020000008        0x0 load address 0x00000000080007b8
 *(.bss*)
 *(COMMON)
                0x0000000020000008                . = ALIGN (0x4)
                0x0000000020000008                _ebss = .

/DISCARD/
 *(.eh_frame)
                0x0000000020000008                . = ALIGN (0x4)
                0x0000000020000008                end = .
                0x0000000020001800                PROVIDE (_stack, (ORIGIN (ram) + LENGTH (ram)))
OUTPUT(pwm.elf elf32-littlearm)

.debug_info     0x0000000000000000     0x2dde
 .debug_info    0x0000000000000000      0x4d4 pwm.o
 .debug_info    0x00000000000004d4      0x99a ../libopencm3/lib/libopencm3_stm32f0.a(rcc.o)
 .debug_info    0x0000000000000e6e      0x22c ../libopencm3/lib/libopencm3_stm32f0.a(gpio_common_all.o)
 .debug_info    0x000000000000109a      0x1f7 ../libopencm3/lib/libopencm3_stm32f0.a(gpio_common_f0234.o)
 .debug_info    0x0000000000001291      0x274 ../libopencm3/lib/libopencm3_stm32f0.a(flash_common_f01.o)
 .debug_info    0x0000000000001505     0x119b ../libopencm3/lib/libopencm3_stm32f0.a(timer_common_all.o)
 .debug_info    0x00000000000026a0      0x497 ../libopencm3/lib/libopencm3_stm32f0.a(rcc_common_all.o)
 .debug_info    0x0000000000002b37      0x2a7 ../libopencm3/lib/libopencm3_stm32f0.a(vector.o)

.debug_abbrev   0x0000000000000000      0x990
 .debug_abbrev  0x0000000000000000       0xe7 pwm.o
 .debug_abbrev  0x00000000000000e7      0x24f ../libopencm3/lib/libopencm3_stm32f0.a(rcc.o)
 .debug_abbrev  0x0000000000000336       0xf4 ../libopencm3/lib/libopencm3_stm32f0.a(gpio_common_all.o)
 .debug_abbrev  0x000000000000042a       0xb7 ../libopencm3/lib/libopencm3_stm32f0.a(gpio_common_f0234.o)
 .debug_abbrev  0x00000000000004e1       0xca ../libopencm3/lib/libopencm3_stm32f0.a(flash_common_f01.o)
 .debug_abbrev  0x00000000000005ab      0x19b ../libopencm3/lib/libopencm3_stm32f0.a(timer_common_all.o)
 .debug_abbrev  0x0000000000000746      0x11f ../libopencm3/lib/libopencm3_stm32f0.a(rcc_common_all.o)
 .debug_abbrev  0x0000000000000865      0x12b ../libopencm3/lib/libopencm3_stm32f0.a(vector.o)

.debug_loc      0x0000000000000000     0x1a70
 .debug_loc     0x0000000000000000       0x4d pwm.o
 .debug_loc     0x000000000000004d      0x230 ../libopencm3/lib/libopencm3_stm32f0.a(rcc.o)
 .debug_loc     0x000000000000027d       0x97 ../libopencm3/lib/libopencm3_stm32f0.a(gpio_common_all.o)
 .debug_loc     0x0000000000000314      0x186 ../libopencm3/lib/libopencm3_stm32f0.a(gpio_common_f0234.o)
 .debug_loc     0x000000000000049a       0xc6 ../libopencm3/lib/libopencm3_stm32f0.a(flash_common_f01.o)
 .debug_loc     0x0000000000000560     0x1337 ../libopencm3/lib/libopencm3_stm32f0.a(timer_common_all.o)
 .debug_loc     0x0000000000001897       0xe7 ../libopencm3/lib/libopencm3_stm32f0.a(rcc_common_all.o)
 .debug_loc     0x000000000000197e       0xf2 ../libopencm3/lib/libopencm3_stm32f0.a(vector.o)

.debug_aranges  0x0000000000000000      0x520
 .debug_aranges
                0x0000000000000000       0x20 pwm.o
 .debug_aranges
                0x0000000000000020      0x100 ../libopencm3/lib/libopencm3_stm32f0.a(rcc.o)
 .debug_aranges
                0x0000000000000120       0x50 ../libopencm3/lib/libopencm3_stm32f0.a(gpio_common_all.o)
 .debug_aranges
                0x0000000000000170       0x30 ../libopencm3/lib/libopencm3_stm32f0.a(gpio_common_f0234.o)
 .debug_aranges
                0x00000000000001a0       0x88 ../libopencm3/lib/libopencm3_stm32f0.a(flash_common_f01.o)
 .debug_aranges
                0x0000000000000228      0x270 ../libopencm3/lib/libopencm3_stm32f0.a(timer_common_all.o)
 .debug_aranges
                0x0000000000000498       0x58 ../libopencm3/lib/libopencm3_stm32f0.a(rcc_common_all.o)
 .debug_aranges
                0x00000000000004f0       0x30 ../libopencm3/lib/libopencm3_stm32f0.a(vector.o)

.debug_ranges   0x0000000000000000      0x4a0
 .debug_ranges  0x0000000000000000       0x10 pwm.o
 .debug_ranges  0x0000000000000010       0xf0 ../libopencm3/lib/libopencm3_stm32f0.a(rcc.o)
 .debug_ranges  0x0000000000000100       0x40 ../libopencm3/lib/libopencm3_stm32f0.a(gpio_common_all.o)
 .debug_ranges  0x0000000000000140       0x20 ../libopencm3/lib/libopencm3_stm32f0.a(gpio_common_f0234.o)
 .debug_ranges  0x0000000000000160       0x78 ../libopencm3/lib/libopencm3_stm32f0.a(flash_common_f01.o)
 .debug_ranges  0x00000000000001d8      0x260 ../libopencm3/lib/libopencm3_stm32f0.a(timer_common_all.o)
 .debug_ranges  0x0000000000000438       0x48 ../libopencm3/lib/libopencm3_stm32f0.a(rcc_common_all.o)
 .debug_ranges  0x0000000000000480       0x20 ../libopencm3/lib/libopencm3_stm32f0.a(vector.o)

.debug_line     0x0000000000000000     0x1f4f
 .debug_line    0x0000000000000000      0x16a pwm.o
 .debug_line    0x000000000000016a      0x57b ../libopencm3/lib/libopencm3_stm32f0.a(rcc.o)
 .debug_line    0x00000000000006e5      0x2e5 ../libopencm3/lib/libopencm3_stm32f0.a(gpio_common_all.o)
 .debug_line    0x00000000000009ca      0x2dd ../libopencm3/lib/libopencm3_stm32f0.a(gpio_common_f0234.o)
 .debug_line    0x0000000000000ca7      0x35b ../libopencm3/lib/libopencm3_stm32f0.a(flash_common_f01.o)
 .debug_line    0x0000000000001002      0x9c9 ../libopencm3/lib/libopencm3_stm32f0.a(timer_common_all.o)
 .debug_line    0x00000000000019cb      0x2c7 ../libopencm3/lib/libopencm3_stm32f0.a(rcc_common_all.o)
 .debug_line    0x0000000000001c92      0x2bd ../libopencm3/lib/libopencm3_stm32f0.a(vector.o)

.debug_str      0x0000000000000000     0xebda
 .debug_str     0x0000000000000000      0x444 pwm.o
                                        0x4d6 (size before relaxing)
 .debug_str     0x0000000000000444     0x6f47 ../libopencm3/lib/libopencm3_stm32f0.a(rcc.o)
                                       0x7113 (size before relaxing)
 .debug_str     0x000000000000738b     0x1508 ../libopencm3/lib/libopencm3_stm32f0.a(gpio_common_all.o)
                                       0x55b8 (size before relaxing)
 .debug_str     0x0000000000008893       0x6b ../libopencm3/lib/libopencm3_stm32f0.a(gpio_common_f0234.o)
                                       0x55da (size before relaxing)
 .debug_str     0x00000000000088fe      0x181 ../libopencm3/lib/libopencm3_stm32f0.a(flash_common_f01.o)
                                       0x4b40 (size before relaxing)
 .debug_str     0x0000000000008a7f     0x4d2e ../libopencm3/lib/libopencm3_stm32f0.a(timer_common_all.o)
                                       0xb310 (size before relaxing)
 .debug_str     0x000000000000d7ad      0x13b ../libopencm3/lib/libopencm3_stm32f0.a(rcc_common_all.o)
                                       0x689c (size before relaxing)
 .debug_str     0x000000000000d8e8     0x12f2 ../libopencm3/lib/libopencm3_stm32f0.a(vector.o)
                                       0x4aad (size before relaxing)

.comment        0x0000000000000000       0x1d
 .comment       0x0000000000000000       0x1d pwm.o
                                         0x1e (size before relaxing)
 .comment       0x000000000000001d       0x1e ../libopencm3/lib/libopencm3_stm32f0.a(rcc.o)
 .comment       0x000000000000001d       0x1e ../libopencm3/lib/libopencm3_stm32f0.a(gpio_common_all.o)
 .comment       0x000000000000001d       0x1e ../libopencm3/lib/libopencm3_stm32f0.a(gpio_common_f0234.o)
 .comment       0x000000000000001d       0x1e ../libopencm3/lib/libopencm3_stm32f0.a(flash_common_f01.o)
 .comment       0x000000000000001d       0x1e ../libopencm3/lib/libopencm3_stm32f0.a(timer_common_all.o)
 .comment       0x000000000000001d       0x1e ../libopencm3/lib/libopencm3_stm32f0.a(rcc_common_all.o)
 .comment       0x000000000000001d       0x1e ../libopencm3/lib/libopencm3_stm32f0.a(vector.o)

.ARM.attributes
                0x0000000000000000       0x31
 .ARM.attributes
                0x0000000000000000       0x31 pwm.o
 .ARM.attributes
                0x0000000000000031       0x31 ../libopencm3/lib/libopencm3_stm32f0.a(rcc.o)
 .ARM.attributes
                0x0000000000000062       0x31 ../libopencm3/lib/libopencm3_stm32f0.a(gpio_common_all.o)
 .ARM.attributes
                0x0000000000000093       0x31 ../libopencm3/lib/libopencm3_stm32f0.a(gpio_common_f0234.o)
 .ARM.attributes
                0x00000000000000c4       0x31 ../libopencm3/lib/libopencm3_stm32f0.a(flash_common_f01.o)
 .ARM.attributes
                0x00000000000000f5       0x31 ../libopencm3/lib/libopencm3_stm32f0.a(timer_common_all.o)
 .ARM.attributes
                0x0000000000000126       0x31 ../libopencm3/lib/libopencm3_stm32f0.a(rcc_common_all.o)
 .ARM.attributes
                0x0000000000000157       0x31 ../libopencm3/lib/libopencm3_stm32f0.a(vector.o)
 .ARM.attributes
                0x0000000000000188       0x1e /usr/lib/gcc/arm-none-eabi/6.3.0/armv6-m/libgcc.a(_thumb1_case_uqi.o)

.debug_frame    0x0000000000000000      0xb10
 .debug_frame   0x0000000000000000       0x28 pwm.o
 .debug_frame   0x0000000000000028      0x268 ../libopencm3/lib/libopencm3_stm32f0.a(rcc.o)
 .debug_frame   0x0000000000000290       0x80 ../libopencm3/lib/libopencm3_stm32f0.a(gpio_common_all.o)
 .debug_frame   0x0000000000000310       0x78 ../libopencm3/lib/libopencm3_stm32f0.a(gpio_common_f0234.o)
 .debug_frame   0x0000000000000388      0x120 ../libopencm3/lib/libopencm3_stm32f0.a(flash_common_f01.o)
 .debug_frame   0x00000000000004a8      0x578 ../libopencm3/lib/libopencm3_stm32f0.a(timer_common_all.o)
 .debug_frame   0x0000000000000a20       0xb0 ../libopencm3/lib/libopencm3_stm32f0.a(rcc_common_all.o)
 .debug_frame   0x0000000000000ad0       0x40 ../libopencm3/lib/libopencm3_stm32f0.a(vector.o)

.debug_macro    0x0000000000000000     0x357b
 .debug_macro   0x0000000000000000       0xe0 ../libopencm3/lib/libopencm3_stm32f0.a(rcc.o)
 .debug_macro   0x00000000000000e0      0x898 ../libopencm3/lib/libopencm3_stm32f0.a(rcc.o)
 .debug_macro   0x0000000000000978       0x22 ../libopencm3/lib/libopencm3_stm32f0.a(rcc.o)
 .debug_macro   0x000000000000099a       0x87 ../libopencm3/lib/libopencm3_stm32f0.a(rcc.o)
 .debug_macro   0x0000000000000a21       0x51 ../libopencm3/lib/libopencm3_stm32f0.a(rcc.o)
 .debug_macro   0x0000000000000a72       0xef ../libopencm3/lib/libopencm3_stm32f0.a(rcc.o)
 .debug_macro   0x0000000000000b61       0x6a ../libopencm3/lib/libopencm3_stm32f0.a(rcc.o)
 .debug_macro   0x0000000000000bcb      0x1df ../libopencm3/lib/libopencm3_stm32f0.a(rcc.o)
 .debug_macro   0x0000000000000daa       0x22 ../libopencm3/lib/libopencm3_stm32f0.a(rcc.o)
 .debug_macro   0x0000000000000dcc       0xfa ../libopencm3/lib/libopencm3_stm32f0.a(rcc.o)
 .debug_macro   0x0000000000000ec6       0x16 ../libopencm3/lib/libopencm3_stm32f0.a(rcc.o)
 .debug_macro   0x0000000000000edc       0x34 ../libopencm3/lib/libopencm3_stm32f0.a(rcc.o)
 .debug_macro   0x0000000000000f10      0x15a ../libopencm3/lib/libopencm3_stm32f0.a(rcc.o)
 .debug_macro   0x000000000000106a      0x71c ../libopencm3/lib/libopencm3_stm32f0.a(rcc.o)
 .debug_macro   0x0000000000001786       0xdc ../libopencm3/lib/libopencm3_stm32f0.a(rcc.o)
 .debug_macro   0x0000000000001862       0xd0 ../libopencm3/lib/libopencm3_stm32f0.a(rcc.o)
 .debug_macro   0x0000000000001932       0xd7 ../libopencm3/lib/libopencm3_stm32f0.a(gpio_common_all.o)
 .debug_macro   0x0000000000001a09       0x76 ../libopencm3/lib/libopencm3_stm32f0.a(gpio_common_all.o)
 .debug_macro   0x0000000000001a7f      0x2e6 ../libopencm3/lib/libopencm3_stm32f0.a(gpio_common_all.o)
 .debug_macro   0x0000000000001d65      0x14e ../libopencm3/lib/libopencm3_stm32f0.a(gpio_common_all.o)
 .debug_macro   0x0000000000001eb3       0x3a ../libopencm3/lib/libopencm3_stm32f0.a(gpio_common_all.o)
 .debug_macro   0x0000000000001eed       0xd7 ../libopencm3/lib/libopencm3_stm32f0.a(gpio_common_f0234.o)
 .debug_macro   0x0000000000001fc4       0xb9 ../libopencm3/lib/libopencm3_stm32f0.a(flash_common_f01.o)
 .debug_macro   0x000000000000207d       0xe7 ../libopencm3/lib/libopencm3_stm32f0.a(timer_common_all.o)
 .debug_macro   0x0000000000002164      0xf65 ../libopencm3/lib/libopencm3_stm32f0.a(timer_common_all.o)
 .debug_macro   0x00000000000030c9       0x52 ../libopencm3/lib/libopencm3_stm32f0.a(timer_common_all.o)
 .debug_macro   0x000000000000311b       0xcf ../libopencm3/lib/libopencm3_stm32f0.a(rcc_common_all.o)
 .debug_macro   0x00000000000031ea       0xd0 ../libopencm3/lib/libopencm3_stm32f0.a(vector.o)
 .debug_macro   0x00000000000032ba      0x1b1 ../libopencm3/lib/libopencm3_stm32f0.a(vector.o)
 .debug_macro   0x000000000000346b       0x46 ../libopencm3/lib/libopencm3_stm32f0.a(vector.o)
 .debug_macro   0x00000000000034b1       0xca ../libopencm3/lib/libopencm3_stm32f0.a(vector.o)
