Archive member included to satisfy reference by file (symbol)

../libopencm3/lib/libopencm3_stm32f0.a(rcc.o)
                              blinky.o (rcc_clock_setup_in_hsi_out_48mhz)
../libopencm3/lib/libopencm3_stm32f0.a(gpio_common_all.o)
                              blinky.o (gpio_get)
../libopencm3/lib/libopencm3_stm32f0.a(gpio_common_f0234.o)
                              blinky.o (gpio_mode_setup)
../libopencm3/lib/libopencm3_stm32f0.a(flash_common_f01.o)
                              ../libopencm3/lib/libopencm3_stm32f0.a(rcc.o) (flash_set_ws)
../libopencm3/lib/libopencm3_stm32f0.a(rcc_common_all.o)
                              blinky.o (rcc_periph_clock_enable)
../libopencm3/lib/libopencm3_stm32f0.a(vector.o)
                              (reset_handler)
../libopencm3/lib/libopencm3_stm32f0.a(assert.o)
                              ../libopencm3/lib/libopencm3_stm32f0.a(rcc.o) (cm3_assert_failed)
../libopencm3/lib/libopencm3_stm32f0.a(flash.o)
                              ../libopencm3/lib/libopencm3_stm32f0.a(flash_common_f01.o) (flash_get_status_flags)
/usr/lib/gcc/arm-none-eabi/6.3.0/armv6-m/libgcc.a(_thumb1_case_uqi.o)
                              ../libopencm3/lib/libopencm3_stm32f0.a(rcc.o) (__gnu_thumb1_case_uqi)

Discarded input sections

 .text          0x0000000000000000        0x0 blinky.o
 .data          0x0000000000000000        0x0 blinky.o
 .bss           0x0000000000000000        0x0 blinky.o
 .group         0x0000000000000000        0x8 ../libopencm3/lib/libopencm3_stm32f0.a(rcc.o)
 .group         0x0000000000000000        0x8 ../libopencm3/lib/libopencm3_stm32f0.a(rcc.o)
 .group         0x0000000000000000        0x8 ../libopencm3/lib/libopencm3_stm32f0.a(rcc.o)
 .group         0x0000000000000000        0x8 ../libopencm3/lib/libopencm3_stm32f0.a(rcc.o)
 .group         0x0000000000000000        0x8 ../libopencm3/lib/libopencm3_stm32f0.a(rcc.o)
 .group         0x0000000000000000        0x8 ../libopencm3/lib/libopencm3_stm32f0.a(rcc.o)
 .group         0x0000000000000000        0x8 ../libopencm3/lib/libopencm3_stm32f0.a(rcc.o)
 .group         0x0000000000000000        0x8 ../libopencm3/lib/libopencm3_stm32f0.a(rcc.o)
 .group         0x0000000000000000        0x8 ../libopencm3/lib/libopencm3_stm32f0.a(rcc.o)
 .group         0x0000000000000000        0x8 ../libopencm3/lib/libopencm3_stm32f0.a(rcc.o)
 .group         0x0000000000000000        0x8 ../libopencm3/lib/libopencm3_stm32f0.a(rcc.o)
 .group         0x0000000000000000        0x8 ../libopencm3/lib/libopencm3_stm32f0.a(rcc.o)
 .group         0x0000000000000000        0x8 ../libopencm3/lib/libopencm3_stm32f0.a(rcc.o)
 .group         0x0000000000000000        0x8 ../libopencm3/lib/libopencm3_stm32f0.a(rcc.o)
 .group         0x0000000000000000        0x8 ../libopencm3/lib/libopencm3_stm32f0.a(rcc.o)
 .text          0x0000000000000000        0x0 ../libopencm3/lib/libopencm3_stm32f0.a(rcc.o)
 .data          0x0000000000000000        0x0 ../libopencm3/lib/libopencm3_stm32f0.a(rcc.o)
 .bss           0x0000000000000000        0x0 ../libopencm3/lib/libopencm3_stm32f0.a(rcc.o)
 .text.rcc_osc_ready_int_clear
                0x0000000000000000       0x3c ../libopencm3/lib/libopencm3_stm32f0.a(rcc.o)
 .text.rcc_osc_ready_int_enable
                0x0000000000000000       0x3c ../libopencm3/lib/libopencm3_stm32f0.a(rcc.o)
 .text.rcc_osc_ready_int_disable
                0x0000000000000000       0x58 ../libopencm3/lib/libopencm3_stm32f0.a(rcc.o)
 .text.rcc_osc_ready_int_flag
                0x0000000000000000       0x48 ../libopencm3/lib/libopencm3_stm32f0.a(rcc.o)
 .text.rcc_css_int_clear
                0x0000000000000000       0x14 ../libopencm3/lib/libopencm3_stm32f0.a(rcc.o)
 .text.rcc_css_int_flag
                0x0000000000000000       0x10 ../libopencm3/lib/libopencm3_stm32f0.a(rcc.o)
 .text.rcc_osc_off
                0x0000000000000000       0x4c ../libopencm3/lib/libopencm3_stm32f0.a(rcc.o)
 .text.rcc_css_enable
                0x0000000000000000       0x14 ../libopencm3/lib/libopencm3_stm32f0.a(rcc.o)
 .text.rcc_css_disable
                0x0000000000000000       0x14 ../libopencm3/lib/libopencm3_stm32f0.a(rcc.o)
 .text.rcc_osc_bypass_enable
                0x0000000000000000       0x28 ../libopencm3/lib/libopencm3_stm32f0.a(rcc.o)
 .text.rcc_osc_bypass_disable
                0x0000000000000000       0x2c ../libopencm3/lib/libopencm3_stm32f0.a(rcc.o)
 .text.rcc_set_usbclk_source
                0x0000000000000000       0x24 ../libopencm3/lib/libopencm3_stm32f0.a(rcc.o)
 .text.rcc_set_prediv
                0x0000000000000000       0x14 ../libopencm3/lib/libopencm3_stm32f0.a(rcc.o)
 .text.rcc_system_clock_source
                0x0000000000000000       0x34 ../libopencm3/lib/libopencm3_stm32f0.a(rcc.o)
 .text.rcc_usb_clock_source
                0x0000000000000000       0x14 ../libopencm3/lib/libopencm3_stm32f0.a(rcc.o)
 .text.rcc_clock_setup_in_hsi_out_8mhz
                0x0000000000000000       0x40 ../libopencm3/lib/libopencm3_stm32f0.a(rcc.o)
 .text.rcc_clock_setup_in_hsi_out_16mhz
                0x0000000000000000       0x6c ../libopencm3/lib/libopencm3_stm32f0.a(rcc.o)
 .text.rcc_clock_setup_in_hsi_out_24mhz
                0x0000000000000000       0x6c ../libopencm3/lib/libopencm3_stm32f0.a(rcc.o)
 .text.rcc_clock_setup_in_hsi_out_32mhz
                0x0000000000000000       0x6c ../libopencm3/lib/libopencm3_stm32f0.a(rcc.o)
 .text.rcc_clock_setup_in_hsi_out_40mhz
                0x0000000000000000       0x6c ../libopencm3/lib/libopencm3_stm32f0.a(rcc.o)
 .text.rcc_clock_setup_in_hsi48_out_48mhz
                0x0000000000000000       0x40 ../libopencm3/lib/libopencm3_stm32f0.a(rcc.o)
 .group         0x0000000000000000        0x8 ../libopencm3/lib/libopencm3_stm32f0.a(gpio_common_all.o)
 .group         0x0000000000000000        0x8 ../libopencm3/lib/libopencm3_stm32f0.a(gpio_common_all.o)
 .group         0x0000000000000000        0x8 ../libopencm3/lib/libopencm3_stm32f0.a(gpio_common_all.o)
 .group         0x0000000000000000        0x8 ../libopencm3/lib/libopencm3_stm32f0.a(gpio_common_all.o)
 .group         0x0000000000000000        0x8 ../libopencm3/lib/libopencm3_stm32f0.a(gpio_common_all.o)
 .group         0x0000000000000000        0x8 ../libopencm3/lib/libopencm3_stm32f0.a(gpio_common_all.o)
 .group         0x0000000000000000        0x8 ../libopencm3/lib/libopencm3_stm32f0.a(gpio_common_all.o)
 .group         0x0000000000000000        0x8 ../libopencm3/lib/libopencm3_stm32f0.a(gpio_common_all.o)
 .group         0x0000000000000000        0x8 ../libopencm3/lib/libopencm3_stm32f0.a(gpio_common_all.o)
 .group         0x0000000000000000        0x8 ../libopencm3/lib/libopencm3_stm32f0.a(gpio_common_all.o)
 .group         0x0000000000000000        0x8 ../libopencm3/lib/libopencm3_stm32f0.a(gpio_common_all.o)
 .group         0x0000000000000000        0x8 ../libopencm3/lib/libopencm3_stm32f0.a(gpio_common_all.o)
 .group         0x0000000000000000        0x8 ../libopencm3/lib/libopencm3_stm32f0.a(gpio_common_all.o)
 .group         0x0000000000000000        0x8 ../libopencm3/lib/libopencm3_stm32f0.a(gpio_common_all.o)
 .group         0x0000000000000000        0x8 ../libopencm3/lib/libopencm3_stm32f0.a(gpio_common_all.o)
 .text          0x0000000000000000        0x0 ../libopencm3/lib/libopencm3_stm32f0.a(gpio_common_all.o)
 .data          0x0000000000000000        0x0 ../libopencm3/lib/libopencm3_stm32f0.a(gpio_common_all.o)
 .bss           0x0000000000000000        0x0 ../libopencm3/lib/libopencm3_stm32f0.a(gpio_common_all.o)
 .text.gpio_set
                0x0000000000000000        0x4 ../libopencm3/lib/libopencm3_stm32f0.a(gpio_common_all.o)
 .text.gpio_clear
                0x0000000000000000        0x6 ../libopencm3/lib/libopencm3_stm32f0.a(gpio_common_all.o)
 .text.gpio_port_read
                0x0000000000000000        0x6 ../libopencm3/lib/libopencm3_stm32f0.a(gpio_common_all.o)
 .text.gpio_port_write
                0x0000000000000000        0x4 ../libopencm3/lib/libopencm3_stm32f0.a(gpio_common_all.o)
 .text.gpio_port_config_lock
                0x0000000000000000       0x12 ../libopencm3/lib/libopencm3_stm32f0.a(gpio_common_all.o)
 .debug_macro   0x0000000000000000      0x898 ../libopencm3/lib/libopencm3_stm32f0.a(gpio_common_all.o)
 .debug_macro   0x0000000000000000       0x22 ../libopencm3/lib/libopencm3_stm32f0.a(gpio_common_all.o)
 .debug_macro   0x0000000000000000       0x87 ../libopencm3/lib/libopencm3_stm32f0.a(gpio_common_all.o)
 .debug_macro   0x0000000000000000       0x51 ../libopencm3/lib/libopencm3_stm32f0.a(gpio_common_all.o)
 .debug_macro   0x0000000000000000       0xef ../libopencm3/lib/libopencm3_stm32f0.a(gpio_common_all.o)
 .debug_macro   0x0000000000000000       0x6a ../libopencm3/lib/libopencm3_stm32f0.a(gpio_common_all.o)
 .debug_macro   0x0000000000000000      0x1df ../libopencm3/lib/libopencm3_stm32f0.a(gpio_common_all.o)
 .debug_macro   0x0000000000000000       0x22 ../libopencm3/lib/libopencm3_stm32f0.a(gpio_common_all.o)
 .debug_macro   0x0000000000000000       0xfa ../libopencm3/lib/libopencm3_stm32f0.a(gpio_common_all.o)
 .debug_macro   0x0000000000000000       0x34 ../libopencm3/lib/libopencm3_stm32f0.a(gpio_common_all.o)
 .debug_macro   0x0000000000000000      0x15a ../libopencm3/lib/libopencm3_stm32f0.a(gpio_common_all.o)
 .group         0x0000000000000000        0x8 ../libopencm3/lib/libopencm3_stm32f0.a(gpio_common_f0234.o)
 .group         0x0000000000000000        0x8 ../libopencm3/lib/libopencm3_stm32f0.a(gpio_common_f0234.o)
 .group         0x0000000000000000        0x8 ../libopencm3/lib/libopencm3_stm32f0.a(gpio_common_f0234.o)
 .group         0x0000000000000000        0x8 ../libopencm3/lib/libopencm3_stm32f0.a(gpio_common_f0234.o)
 .group         0x0000000000000000        0x8 ../libopencm3/lib/libopencm3_stm32f0.a(gpio_common_f0234.o)
 .group         0x0000000000000000        0x8 ../libopencm3/lib/libopencm3_stm32f0.a(gpio_common_f0234.o)
 .group         0x0000000000000000        0x8 ../libopencm3/lib/libopencm3_stm32f0.a(gpio_common_f0234.o)
 .group         0x0000000000000000        0x8 ../libopencm3/lib/libopencm3_stm32f0.a(gpio_common_f0234.o)
 .group         0x0000000000000000        0x8 ../libopencm3/lib/libopencm3_stm32f0.a(gpio_common_f0234.o)
 .group         0x0000000000000000        0x8 ../libopencm3/lib/libopencm3_stm32f0.a(gpio_common_f0234.o)
 .group         0x0000000000000000        0x8 ../libopencm3/lib/libopencm3_stm32f0.a(gpio_common_f0234.o)
 .group         0x0000000000000000        0x8 ../libopencm3/lib/libopencm3_stm32f0.a(gpio_common_f0234.o)
 .group         0x0000000000000000        0x8 ../libopencm3/lib/libopencm3_stm32f0.a(gpio_common_f0234.o)
 .group         0x0000000000000000        0x8 ../libopencm3/lib/libopencm3_stm32f0.a(gpio_common_f0234.o)
 .group         0x0000000000000000        0x8 ../libopencm3/lib/libopencm3_stm32f0.a(gpio_common_f0234.o)
 .text          0x0000000000000000        0x0 ../libopencm3/lib/libopencm3_stm32f0.a(gpio_common_f0234.o)
 .data          0x0000000000000000        0x0 ../libopencm3/lib/libopencm3_stm32f0.a(gpio_common_f0234.o)
 .bss           0x0000000000000000        0x0 ../libopencm3/lib/libopencm3_stm32f0.a(gpio_common_f0234.o)
 .text.gpio_set_output_options
                0x0000000000000000       0x3a ../libopencm3/lib/libopencm3_stm32f0.a(gpio_common_f0234.o)
 .text.gpio_set_af
                0x0000000000000000       0x58 ../libopencm3/lib/libopencm3_stm32f0.a(gpio_common_f0234.o)
 .debug_macro   0x0000000000000000      0x898 ../libopencm3/lib/libopencm3_stm32f0.a(gpio_common_f0234.o)
 .debug_macro   0x0000000000000000       0x22 ../libopencm3/lib/libopencm3_stm32f0.a(gpio_common_f0234.o)
 .debug_macro   0x0000000000000000       0x87 ../libopencm3/lib/libopencm3_stm32f0.a(gpio_common_f0234.o)
 .debug_macro   0x0000000000000000       0x51 ../libopencm3/lib/libopencm3_stm32f0.a(gpio_common_f0234.o)
 .debug_macro   0x0000000000000000       0xef ../libopencm3/lib/libopencm3_stm32f0.a(gpio_common_f0234.o)
 .debug_macro   0x0000000000000000       0x6a ../libopencm3/lib/libopencm3_stm32f0.a(gpio_common_f0234.o)
 .debug_macro   0x0000000000000000      0x1df ../libopencm3/lib/libopencm3_stm32f0.a(gpio_common_f0234.o)
 .debug_macro   0x0000000000000000       0x22 ../libopencm3/lib/libopencm3_stm32f0.a(gpio_common_f0234.o)
 .debug_macro   0x0000000000000000       0xfa ../libopencm3/lib/libopencm3_stm32f0.a(gpio_common_f0234.o)
 .debug_macro   0x0000000000000000       0x34 ../libopencm3/lib/libopencm3_stm32f0.a(gpio_common_f0234.o)
 .debug_macro   0x0000000000000000      0x15a ../libopencm3/lib/libopencm3_stm32f0.a(gpio_common_f0234.o)
 .debug_macro   0x0000000000000000       0x76 ../libopencm3/lib/libopencm3_stm32f0.a(gpio_common_f0234.o)
 .debug_macro   0x0000000000000000      0x2e6 ../libopencm3/lib/libopencm3_stm32f0.a(gpio_common_f0234.o)
 .debug_macro   0x0000000000000000      0x14e ../libopencm3/lib/libopencm3_stm32f0.a(gpio_common_f0234.o)
 .debug_macro   0x0000000000000000       0x3a ../libopencm3/lib/libopencm3_stm32f0.a(gpio_common_f0234.o)
 .group         0x0000000000000000        0x8 ../libopencm3/lib/libopencm3_stm32f0.a(flash_common_f01.o)
 .group         0x0000000000000000        0x8 ../libopencm3/lib/libopencm3_stm32f0.a(flash_common_f01.o)
 .group         0x0000000000000000        0x8 ../libopencm3/lib/libopencm3_stm32f0.a(flash_common_f01.o)
 .group         0x0000000000000000        0x8 ../libopencm3/lib/libopencm3_stm32f0.a(flash_common_f01.o)
 .group         0x0000000000000000        0x8 ../libopencm3/lib/libopencm3_stm32f0.a(flash_common_f01.o)
 .group         0x0000000000000000        0x8 ../libopencm3/lib/libopencm3_stm32f0.a(flash_common_f01.o)
 .group         0x0000000000000000        0x8 ../libopencm3/lib/libopencm3_stm32f0.a(flash_common_f01.o)
 .group         0x0000000000000000        0x8 ../libopencm3/lib/libopencm3_stm32f0.a(flash_common_f01.o)
 .group         0x0000000000000000        0x8 ../libopencm3/lib/libopencm3_stm32f0.a(flash_common_f01.o)
 .group         0x0000000000000000        0x8 ../libopencm3/lib/libopencm3_stm32f0.a(flash_common_f01.o)
 .group         0x0000000000000000        0x8 ../libopencm3/lib/libopencm3_stm32f0.a(flash_common_f01.o)
 .group         0x0000000000000000        0x8 ../libopencm3/lib/libopencm3_stm32f0.a(flash_common_f01.o)
 .group         0x0000000000000000        0x8 ../libopencm3/lib/libopencm3_stm32f0.a(flash_common_f01.o)
 .text          0x0000000000000000        0x0 ../libopencm3/lib/libopencm3_stm32f0.a(flash_common_f01.o)
 .data          0x0000000000000000        0x0 ../libopencm3/lib/libopencm3_stm32f0.a(flash_common_f01.o)
 .bss           0x0000000000000000        0x0 ../libopencm3/lib/libopencm3_stm32f0.a(flash_common_f01.o)
 .text.flash_prefetch_buffer_enable
                0x0000000000000000       0x10 ../libopencm3/lib/libopencm3_stm32f0.a(flash_common_f01.o)
 .text.flash_prefetch_buffer_disable
                0x0000000000000000       0x10 ../libopencm3/lib/libopencm3_stm32f0.a(flash_common_f01.o)
 .text.flash_unlock
                0x0000000000000000       0x28 ../libopencm3/lib/libopencm3_stm32f0.a(flash_common_f01.o)
 .text.flash_lock
                0x0000000000000000       0x10 ../libopencm3/lib/libopencm3_stm32f0.a(flash_common_f01.o)
 .text.flash_clear_pgerr_flag
                0x0000000000000000       0x10 ../libopencm3/lib/libopencm3_stm32f0.a(flash_common_f01.o)
 .text.flash_clear_eop_flag
                0x0000000000000000       0x10 ../libopencm3/lib/libopencm3_stm32f0.a(flash_common_f01.o)
 .text.flash_clear_wrprterr_flag
                0x0000000000000000       0x10 ../libopencm3/lib/libopencm3_stm32f0.a(flash_common_f01.o)
 .text.flash_clear_bsy_flag
                0x0000000000000000       0x10 ../libopencm3/lib/libopencm3_stm32f0.a(flash_common_f01.o)
 .text.flash_wait_for_last_operation
                0x0000000000000000        0xe ../libopencm3/lib/libopencm3_stm32f0.a(flash_common_f01.o)
 .text.flash_program_word
                0x0000000000000000       0x16 ../libopencm3/lib/libopencm3_stm32f0.a(flash_common_f01.o)
 .text.flash_unlock_option_bytes
                0x0000000000000000       0x18 ../libopencm3/lib/libopencm3_stm32f0.a(flash_common_f01.o)
 .text.flash_erase_option_bytes
                0x0000000000000000       0x34 ../libopencm3/lib/libopencm3_stm32f0.a(flash_common_f01.o)
 .text.flash_program_option_bytes
                0x0000000000000000       0x30 ../libopencm3/lib/libopencm3_stm32f0.a(flash_common_f01.o)
 .debug_macro   0x0000000000000000      0x898 ../libopencm3/lib/libopencm3_stm32f0.a(flash_common_f01.o)
 .debug_macro   0x0000000000000000       0x22 ../libopencm3/lib/libopencm3_stm32f0.a(flash_common_f01.o)
 .debug_macro   0x0000000000000000       0x87 ../libopencm3/lib/libopencm3_stm32f0.a(flash_common_f01.o)
 .debug_macro   0x0000000000000000       0x51 ../libopencm3/lib/libopencm3_stm32f0.a(flash_common_f01.o)
 .debug_macro   0x0000000000000000       0xef ../libopencm3/lib/libopencm3_stm32f0.a(flash_common_f01.o)
 .debug_macro   0x0000000000000000       0x6a ../libopencm3/lib/libopencm3_stm32f0.a(flash_common_f01.o)
 .debug_macro   0x0000000000000000      0x1df ../libopencm3/lib/libopencm3_stm32f0.a(flash_common_f01.o)
 .debug_macro   0x0000000000000000       0x22 ../libopencm3/lib/libopencm3_stm32f0.a(flash_common_f01.o)
 .debug_macro   0x0000000000000000       0xfa ../libopencm3/lib/libopencm3_stm32f0.a(flash_common_f01.o)
 .debug_macro   0x0000000000000000       0x34 ../libopencm3/lib/libopencm3_stm32f0.a(flash_common_f01.o)
 .debug_macro   0x0000000000000000      0x15a ../libopencm3/lib/libopencm3_stm32f0.a(flash_common_f01.o)
 .debug_macro   0x0000000000000000       0xdc ../libopencm3/lib/libopencm3_stm32f0.a(flash_common_f01.o)
 .debug_macro   0x0000000000000000       0xd0 ../libopencm3/lib/libopencm3_stm32f0.a(flash_common_f01.o)
 .group         0x0000000000000000        0x8 ../libopencm3/lib/libopencm3_stm32f0.a(rcc_common_all.o)
 .group         0x0000000000000000        0x8 ../libopencm3/lib/libopencm3_stm32f0.a(rcc_common_all.o)
 .group         0x0000000000000000        0x8 ../libopencm3/lib/libopencm3_stm32f0.a(rcc_common_all.o)
 .group         0x0000000000000000        0x8 ../libopencm3/lib/libopencm3_stm32f0.a(rcc_common_all.o)
 .group         0x0000000000000000        0x8 ../libopencm3/lib/libopencm3_stm32f0.a(rcc_common_all.o)
 .group         0x0000000000000000        0x8 ../libopencm3/lib/libopencm3_stm32f0.a(rcc_common_all.o)
 .group         0x0000000000000000        0x8 ../libopencm3/lib/libopencm3_stm32f0.a(rcc_common_all.o)
 .group         0x0000000000000000        0x8 ../libopencm3/lib/libopencm3_stm32f0.a(rcc_common_all.o)
 .group         0x0000000000000000        0x8 ../libopencm3/lib/libopencm3_stm32f0.a(rcc_common_all.o)
 .group         0x0000000000000000        0x8 ../libopencm3/lib/libopencm3_stm32f0.a(rcc_common_all.o)
 .group         0x0000000000000000        0x8 ../libopencm3/lib/libopencm3_stm32f0.a(rcc_common_all.o)
 .group         0x0000000000000000        0x8 ../libopencm3/lib/libopencm3_stm32f0.a(rcc_common_all.o)
 .text          0x0000000000000000        0x0 ../libopencm3/lib/libopencm3_stm32f0.a(rcc_common_all.o)
 .data          0x0000000000000000        0x0 ../libopencm3/lib/libopencm3_stm32f0.a(rcc_common_all.o)
 .bss           0x0000000000000000        0x0 ../libopencm3/lib/libopencm3_stm32f0.a(rcc_common_all.o)
 .text.rcc_peripheral_enable_clock
                0x0000000000000000        0x8 ../libopencm3/lib/libopencm3_stm32f0.a(rcc_common_all.o)
 .text.rcc_peripheral_disable_clock
                0x0000000000000000        0x8 ../libopencm3/lib/libopencm3_stm32f0.a(rcc_common_all.o)
 .text.rcc_peripheral_reset
                0x0000000000000000        0x8 ../libopencm3/lib/libopencm3_stm32f0.a(rcc_common_all.o)
 .text.rcc_peripheral_clear_reset
                0x0000000000000000        0x8 ../libopencm3/lib/libopencm3_stm32f0.a(rcc_common_all.o)
 .text.rcc_periph_clock_disable
                0x0000000000000000       0x1c ../libopencm3/lib/libopencm3_stm32f0.a(rcc_common_all.o)
 .text.rcc_periph_reset_pulse
                0x0000000000000000       0x20 ../libopencm3/lib/libopencm3_stm32f0.a(rcc_common_all.o)
 .text.rcc_periph_reset_hold
                0x0000000000000000       0x1c ../libopencm3/lib/libopencm3_stm32f0.a(rcc_common_all.o)
 .text.rcc_periph_reset_release
                0x0000000000000000       0x1c ../libopencm3/lib/libopencm3_stm32f0.a(rcc_common_all.o)
 .text.rcc_set_mco
                0x0000000000000000       0x18 ../libopencm3/lib/libopencm3_stm32f0.a(rcc_common_all.o)
 .debug_macro   0x0000000000000000      0x898 ../libopencm3/lib/libopencm3_stm32f0.a(rcc_common_all.o)
 .debug_macro   0x0000000000000000       0x22 ../libopencm3/lib/libopencm3_stm32f0.a(rcc_common_all.o)
 .debug_macro   0x0000000000000000       0x87 ../libopencm3/lib/libopencm3_stm32f0.a(rcc_common_all.o)
 .debug_macro   0x0000000000000000       0x51 ../libopencm3/lib/libopencm3_stm32f0.a(rcc_common_all.o)
 .debug_macro   0x0000000000000000       0xef ../libopencm3/lib/libopencm3_stm32f0.a(rcc_common_all.o)
 .debug_macro   0x0000000000000000       0x6a ../libopencm3/lib/libopencm3_stm32f0.a(rcc_common_all.o)
 .debug_macro   0x0000000000000000      0x1df ../libopencm3/lib/libopencm3_stm32f0.a(rcc_common_all.o)
 .debug_macro   0x0000000000000000       0x22 ../libopencm3/lib/libopencm3_stm32f0.a(rcc_common_all.o)
 .debug_macro   0x0000000000000000       0xfa ../libopencm3/lib/libopencm3_stm32f0.a(rcc_common_all.o)
 .debug_macro   0x0000000000000000       0x34 ../libopencm3/lib/libopencm3_stm32f0.a(rcc_common_all.o)
 .debug_macro   0x0000000000000000      0x15a ../libopencm3/lib/libopencm3_stm32f0.a(rcc_common_all.o)
 .debug_macro   0x0000000000000000      0x71c ../libopencm3/lib/libopencm3_stm32f0.a(rcc_common_all.o)
 .group         0x0000000000000000        0x8 ../libopencm3/lib/libopencm3_stm32f0.a(vector.o)
 .group         0x0000000000000000        0x8 ../libopencm3/lib/libopencm3_stm32f0.a(vector.o)
 .group         0x0000000000000000        0x8 ../libopencm3/lib/libopencm3_stm32f0.a(vector.o)
 .group         0x0000000000000000        0x8 ../libopencm3/lib/libopencm3_stm32f0.a(vector.o)
 .group         0x0000000000000000        0x8 ../libopencm3/lib/libopencm3_stm32f0.a(vector.o)
 .group         0x0000000000000000        0x8 ../libopencm3/lib/libopencm3_stm32f0.a(vector.o)
 .group         0x0000000000000000        0x8 ../libopencm3/lib/libopencm3_stm32f0.a(vector.o)
 .group         0x0000000000000000        0x8 ../libopencm3/lib/libopencm3_stm32f0.a(vector.o)
 .group         0x0000000000000000        0x8 ../libopencm3/lib/libopencm3_stm32f0.a(vector.o)
 .group         0x0000000000000000        0x8 ../libopencm3/lib/libopencm3_stm32f0.a(vector.o)
 .group         0x0000000000000000        0x8 ../libopencm3/lib/libopencm3_stm32f0.a(vector.o)
 .group         0x0000000000000000        0x8 ../libopencm3/lib/libopencm3_stm32f0.a(vector.o)
 .group         0x0000000000000000        0x8 ../libopencm3/lib/libopencm3_stm32f0.a(vector.o)
 .text          0x0000000000000000        0x0 ../libopencm3/lib/libopencm3_stm32f0.a(vector.o)
 .data          0x0000000000000000        0x0 ../libopencm3/lib/libopencm3_stm32f0.a(vector.o)
 .bss           0x0000000000000000        0x0 ../libopencm3/lib/libopencm3_stm32f0.a(vector.o)
 .debug_macro   0x0000000000000000      0x898 ../libopencm3/lib/libopencm3_stm32f0.a(vector.o)
 .debug_macro   0x0000000000000000       0x34 ../libopencm3/lib/libopencm3_stm32f0.a(vector.o)
 .debug_macro   0x0000000000000000       0x22 ../libopencm3/lib/libopencm3_stm32f0.a(vector.o)
 .debug_macro   0x0000000000000000       0x87 ../libopencm3/lib/libopencm3_stm32f0.a(vector.o)
 .debug_macro   0x0000000000000000       0x51 ../libopencm3/lib/libopencm3_stm32f0.a(vector.o)
 .debug_macro   0x0000000000000000       0xef ../libopencm3/lib/libopencm3_stm32f0.a(vector.o)
 .debug_macro   0x0000000000000000       0x6a ../libopencm3/lib/libopencm3_stm32f0.a(vector.o)
 .debug_macro   0x0000000000000000      0x1df ../libopencm3/lib/libopencm3_stm32f0.a(vector.o)
 .debug_macro   0x0000000000000000       0x22 ../libopencm3/lib/libopencm3_stm32f0.a(vector.o)
 .debug_macro   0x0000000000000000       0xfa ../libopencm3/lib/libopencm3_stm32f0.a(vector.o)
 .group         0x0000000000000000        0x8 ../libopencm3/lib/libopencm3_stm32f0.a(assert.o)
 .group         0x0000000000000000        0x8 ../libopencm3/lib/libopencm3_stm32f0.a(assert.o)
 .group         0x0000000000000000        0x8 ../libopencm3/lib/libopencm3_stm32f0.a(assert.o)
 .group         0x0000000000000000        0x8 ../libopencm3/lib/libopencm3_stm32f0.a(assert.o)
 .group         0x0000000000000000        0x8 ../libopencm3/lib/libopencm3_stm32f0.a(assert.o)
 .group         0x0000000000000000        0x8 ../libopencm3/lib/libopencm3_stm32f0.a(assert.o)
 .group         0x0000000000000000        0x8 ../libopencm3/lib/libopencm3_stm32f0.a(assert.o)
 .group         0x0000000000000000        0x8 ../libopencm3/lib/libopencm3_stm32f0.a(assert.o)
 .group         0x0000000000000000        0x8 ../libopencm3/lib/libopencm3_stm32f0.a(assert.o)
 .group         0x0000000000000000        0x8 ../libopencm3/lib/libopencm3_stm32f0.a(assert.o)
 .text          0x0000000000000000        0x0 ../libopencm3/lib/libopencm3_stm32f0.a(assert.o)
 .data          0x0000000000000000        0x0 ../libopencm3/lib/libopencm3_stm32f0.a(assert.o)
 .bss           0x0000000000000000        0x0 ../libopencm3/lib/libopencm3_stm32f0.a(assert.o)
 .text.cm3_assert_failed
                0x0000000000000000        0x2 ../libopencm3/lib/libopencm3_stm32f0.a(assert.o)
 .text.cm3_assert_failed_verbose
                0x0000000000000000        0x6 ../libopencm3/lib/libopencm3_stm32f0.a(assert.o)
 .debug_info    0x0000000000000000       0xee ../libopencm3/lib/libopencm3_stm32f0.a(assert.o)
 .debug_abbrev  0x0000000000000000       0x8f ../libopencm3/lib/libopencm3_stm32f0.a(assert.o)
 .debug_loc     0x0000000000000000       0x84 ../libopencm3/lib/libopencm3_stm32f0.a(assert.o)
 .debug_aranges
                0x0000000000000000       0x28 ../libopencm3/lib/libopencm3_stm32f0.a(assert.o)
 .debug_ranges  0x0000000000000000       0x18 ../libopencm3/lib/libopencm3_stm32f0.a(assert.o)
 .debug_macro   0x0000000000000000       0x8a ../libopencm3/lib/libopencm3_stm32f0.a(assert.o)
 .debug_macro   0x0000000000000000      0x898 ../libopencm3/lib/libopencm3_stm32f0.a(assert.o)
 .debug_macro   0x0000000000000000       0x22 ../libopencm3/lib/libopencm3_stm32f0.a(assert.o)
 .debug_macro   0x0000000000000000       0x87 ../libopencm3/lib/libopencm3_stm32f0.a(assert.o)
 .debug_macro   0x0000000000000000       0x51 ../libopencm3/lib/libopencm3_stm32f0.a(assert.o)
 .debug_macro   0x0000000000000000       0xef ../libopencm3/lib/libopencm3_stm32f0.a(assert.o)
 .debug_macro   0x0000000000000000       0x6a ../libopencm3/lib/libopencm3_stm32f0.a(assert.o)
 .debug_macro   0x0000000000000000      0x1df ../libopencm3/lib/libopencm3_stm32f0.a(assert.o)
 .debug_macro   0x0000000000000000       0x22 ../libopencm3/lib/libopencm3_stm32f0.a(assert.o)
 .debug_macro   0x0000000000000000       0xfa ../libopencm3/lib/libopencm3_stm32f0.a(assert.o)
 .debug_macro   0x0000000000000000       0x16 ../libopencm3/lib/libopencm3_stm32f0.a(assert.o)
 .debug_line    0x0000000000000000      0x187 ../libopencm3/lib/libopencm3_stm32f0.a(assert.o)
 .debug_str     0x0000000000000000     0x37e5 ../libopencm3/lib/libopencm3_stm32f0.a(assert.o)
 .comment       0x0000000000000000       0x1e ../libopencm3/lib/libopencm3_stm32f0.a(assert.o)
 .debug_frame   0x0000000000000000       0x38 ../libopencm3/lib/libopencm3_stm32f0.a(assert.o)
 .ARM.attributes
                0x0000000000000000       0x31 ../libopencm3/lib/libopencm3_stm32f0.a(assert.o)
 .group         0x0000000000000000        0x8 ../libopencm3/lib/libopencm3_stm32f0.a(flash.o)
 .group         0x0000000000000000        0x8 ../libopencm3/lib/libopencm3_stm32f0.a(flash.o)
 .group         0x0000000000000000        0x8 ../libopencm3/lib/libopencm3_stm32f0.a(flash.o)
 .group         0x0000000000000000        0x8 ../libopencm3/lib/libopencm3_stm32f0.a(flash.o)
 .group         0x0000000000000000        0x8 ../libopencm3/lib/libopencm3_stm32f0.a(flash.o)
 .group         0x0000000000000000        0x8 ../libopencm3/lib/libopencm3_stm32f0.a(flash.o)
 .group         0x0000000000000000        0x8 ../libopencm3/lib/libopencm3_stm32f0.a(flash.o)
 .group         0x0000000000000000        0x8 ../libopencm3/lib/libopencm3_stm32f0.a(flash.o)
 .group         0x0000000000000000        0x8 ../libopencm3/lib/libopencm3_stm32f0.a(flash.o)
 .group         0x0000000000000000        0x8 ../libopencm3/lib/libopencm3_stm32f0.a(flash.o)
 .group         0x0000000000000000        0x8 ../libopencm3/lib/libopencm3_stm32f0.a(flash.o)
 .group         0x0000000000000000        0x8 ../libopencm3/lib/libopencm3_stm32f0.a(flash.o)
 .group         0x0000000000000000        0x8 ../libopencm3/lib/libopencm3_stm32f0.a(flash.o)
 .text          0x0000000000000000        0x0 ../libopencm3/lib/libopencm3_stm32f0.a(flash.o)
 .data          0x0000000000000000        0x0 ../libopencm3/lib/libopencm3_stm32f0.a(flash.o)
 .bss           0x0000000000000000        0x0 ../libopencm3/lib/libopencm3_stm32f0.a(flash.o)
 .text.flash_clear_status_flags
                0x0000000000000000       0x14 ../libopencm3/lib/libopencm3_stm32f0.a(flash.o)
 .text.flash_get_status_flags
                0x0000000000000000       0x10 ../libopencm3/lib/libopencm3_stm32f0.a(flash.o)
 .text.flash_program_half_word
                0x0000000000000000       0x28 ../libopencm3/lib/libopencm3_stm32f0.a(flash.o)
 .text.flash_erase_page
                0x0000000000000000       0x34 ../libopencm3/lib/libopencm3_stm32f0.a(flash.o)
 .text.flash_erase_all_pages
                0x0000000000000000       0x28 ../libopencm3/lib/libopencm3_stm32f0.a(flash.o)
 .debug_info    0x0000000000000000      0x1c7 ../libopencm3/lib/libopencm3_stm32f0.a(flash.o)
 .debug_abbrev  0x0000000000000000       0x99 ../libopencm3/lib/libopencm3_stm32f0.a(flash.o)
 .debug_loc     0x0000000000000000       0x79 ../libopencm3/lib/libopencm3_stm32f0.a(flash.o)
 .debug_aranges
                0x0000000000000000       0x40 ../libopencm3/lib/libopencm3_stm32f0.a(flash.o)
 .debug_ranges  0x0000000000000000       0x30 ../libopencm3/lib/libopencm3_stm32f0.a(flash.o)
 .debug_macro   0x0000000000000000       0xb9 ../libopencm3/lib/libopencm3_stm32f0.a(flash.o)
 .debug_macro   0x0000000000000000      0x898 ../libopencm3/lib/libopencm3_stm32f0.a(flash.o)
 .debug_macro   0x0000000000000000       0x22 ../libopencm3/lib/libopencm3_stm32f0.a(flash.o)
 .debug_macro   0x0000000000000000       0x87 ../libopencm3/lib/libopencm3_stm32f0.a(flash.o)
 .debug_macro   0x0000000000000000       0x51 ../libopencm3/lib/libopencm3_stm32f0.a(flash.o)
 .debug_macro   0x0000000000000000       0xef ../libopencm3/lib/libopencm3_stm32f0.a(flash.o)
 .debug_macro   0x0000000000000000       0x6a ../libopencm3/lib/libopencm3_stm32f0.a(flash.o)
 .debug_macro   0x0000000000000000      0x1df ../libopencm3/lib/libopencm3_stm32f0.a(flash.o)
 .debug_macro   0x0000000000000000       0x22 ../libopencm3/lib/libopencm3_stm32f0.a(flash.o)
 .debug_macro   0x0000000000000000       0xfa ../libopencm3/lib/libopencm3_stm32f0.a(flash.o)
 .debug_macro   0x0000000000000000       0x34 ../libopencm3/lib/libopencm3_stm32f0.a(flash.o)
 .debug_macro   0x0000000000000000      0x15a ../libopencm3/lib/libopencm3_stm32f0.a(flash.o)
 .debug_macro   0x0000000000000000       0xdc ../libopencm3/lib/libopencm3_stm32f0.a(flash.o)
 .debug_macro   0x0000000000000000       0xd0 ../libopencm3/lib/libopencm3_stm32f0.a(flash.o)
 .debug_line    0x0000000000000000      0x298 ../libopencm3/lib/libopencm3_stm32f0.a(flash.o)
 .debug_str     0x0000000000000000     0x4ab7 ../libopencm3/lib/libopencm3_stm32f0.a(flash.o)
 .comment       0x0000000000000000       0x1e ../libopencm3/lib/libopencm3_stm32f0.a(flash.o)
 .debug_frame   0x0000000000000000       0x90 ../libopencm3/lib/libopencm3_stm32f0.a(flash.o)
 .ARM.attributes
                0x0000000000000000       0x31 ../libopencm3/lib/libopencm3_stm32f0.a(flash.o)
 .data          0x0000000000000000        0x0 /usr/lib/gcc/arm-none-eabi/6.3.0/armv6-m/libgcc.a(_thumb1_case_uqi.o)
 .bss           0x0000000000000000        0x0 /usr/lib/gcc/arm-none-eabi/6.3.0/armv6-m/libgcc.a(_thumb1_case_uqi.o)

Memory Configuration

Name             Origin             Length             Attributes
rom              0x0000000008000000 0x0000000000008000 xr
ram              0x0000000020000000 0x0000000000001800 xrw
*default*        0x0000000000000000 0xffffffffffffffff

Linker script and memory map

LOAD blinky.o
LOAD ../libopencm3/lib/libopencm3_stm32f0.a
START GROUP
LOAD /usr/lib/gcc/arm-none-eabi/6.3.0/../../../../arm-none-eabi/lib/armv6-m/libc.a
LOAD /usr/lib/gcc/arm-none-eabi/6.3.0/armv6-m/libgcc.a
LOAD /usr/lib/gcc/arm-none-eabi/6.3.0/../../../../arm-none-eabi/lib/armv6-m/libnosys.a
END GROUP
START GROUP
LOAD /usr/lib/gcc/arm-none-eabi/6.3.0/armv6-m/libgcc.a
LOAD /usr/lib/gcc/arm-none-eabi/6.3.0/../../../../arm-none-eabi/lib/armv6-m/libc.a
END GROUP

.text           0x0000000008000000      0x400
 *(.vectors)
 .vectors       0x0000000008000000       0xc0 ../libopencm3/lib/libopencm3_stm32f0.a(vector.o)
                0x0000000008000000                vector_table
 *(.text*)
 .text.startup.main
                0x00000000080000c0       0x68 blinky.o
                0x00000000080000c0                main
 .text.rcc_is_osc_ready
                0x0000000008000128       0x54 ../libopencm3/lib/libopencm3_stm32f0.a(rcc.o)
                0x0000000008000128                rcc_is_osc_ready
 .text.rcc_wait_for_osc_ready
                0x000000000800017c       0x10 ../libopencm3/lib/libopencm3_stm32f0.a(rcc.o)
                0x000000000800017c                rcc_wait_for_osc_ready
 .text.rcc_osc_on
                0x000000000800018c       0x54 ../libopencm3/lib/libopencm3_stm32f0.a(rcc.o)
                0x000000000800018c                rcc_osc_on
 .text.rcc_set_sysclk_source
                0x00000000080001e0       0x4c ../libopencm3/lib/libopencm3_stm32f0.a(rcc.o)
                0x00000000080001e0                rcc_set_sysclk_source
 .text.rcc_set_pll_multiplication_factor
                0x000000000800022c       0x18 ../libopencm3/lib/libopencm3_stm32f0.a(rcc.o)
                0x000000000800022c                rcc_set_pll_multiplication_factor
 .text.rcc_set_ppre
                0x0000000008000244       0x18 ../libopencm3/lib/libopencm3_stm32f0.a(rcc.o)
                0x0000000008000244                rcc_set_ppre
 .text.rcc_set_hpre
                0x000000000800025c       0x14 ../libopencm3/lib/libopencm3_stm32f0.a(rcc.o)
                0x000000000800025c                rcc_set_hpre
 .text.rcc_clock_setup_in_hsi_out_48mhz
                0x0000000008000270       0x6c ../libopencm3/lib/libopencm3_stm32f0.a(rcc.o)
                0x0000000008000270                rcc_clock_setup_in_hsi_out_48mhz
 .text.gpio_get
                0x00000000080002dc        0x6 ../libopencm3/lib/libopencm3_stm32f0.a(gpio_common_all.o)
                0x00000000080002dc                gpio_get
 .text.gpio_toggle
                0x00000000080002e2       0x10 ../libopencm3/lib/libopencm3_stm32f0.a(gpio_common_all.o)
                0x00000000080002e2                gpio_toggle
 .text.gpio_mode_setup
                0x00000000080002f2       0x3a ../libopencm3/lib/libopencm3_stm32f0.a(gpio_common_f0234.o)
                0x00000000080002f2                gpio_mode_setup
 .text.flash_set_ws
                0x000000000800032c       0x14 ../libopencm3/lib/libopencm3_stm32f0.a(flash_common_f01.o)
                0x000000000800032c                flash_set_ws
 .text.rcc_periph_clock_enable
                0x0000000008000340       0x1c ../libopencm3/lib/libopencm3_stm32f0.a(rcc_common_all.o)
                0x0000000008000340                rcc_periph_clock_enable
 .text.blocking_handler
                0x000000000800035c        0x2 ../libopencm3/lib/libopencm3_stm32f0.a(vector.o)
                0x000000000800035c                rtc_isr
                0x000000000800035c                tim7_isr
                0x000000000800035c                blocking_handler
                0x000000000800035c                tsc_isr
                0x000000000800035c                spi1_isr
                0x000000000800035c                i2c1_isr
                0x000000000800035c                tim17_isr
                0x000000000800035c                i2c2_isr
                0x000000000800035c                usart1_isr
                0x000000000800035c                usart3_4_isr
                0x000000000800035c                tim1_cc_isr
                0x000000000800035c                exti2_3_isr
                0x000000000800035c                tim16_isr
                0x000000000800035c                pvd_isr
                0x000000000800035c                rcc_isr
                0x000000000800035c                flash_isr
                0x000000000800035c                hard_fault_handler
                0x000000000800035c                tim14_isr
                0x000000000800035c                spi2_isr
                0x000000000800035c                usb_isr
                0x000000000800035c                tim15_isr
                0x000000000800035c                tim3_isr
                0x000000000800035c                usart2_isr
                0x000000000800035c                adc_comp_isr
                0x000000000800035c                dma1_channel1_isr
                0x000000000800035c                tim6_dac_isr
                0x000000000800035c                tim1_brk_up_trg_com_isr
                0x000000000800035c                dma1_channel2_3_isr
                0x000000000800035c                exti4_15_isr
                0x000000000800035c                cec_can_isr
                0x000000000800035c                wwdg_isr
                0x000000000800035c                tim2_isr
                0x000000000800035c                dma1_channel4_5_isr
                0x000000000800035c                exti0_1_isr
 .text.null_handler
                0x000000000800035e        0x2 ../libopencm3/lib/libopencm3_stm32f0.a(vector.o)
                0x000000000800035e                null_handler
                0x000000000800035e                sv_call_handler
                0x000000000800035e                pend_sv_handler
                0x000000000800035e                sys_tick_handler
                0x000000000800035e                nmi_handler
 .text.reset_handler
                0x0000000008000360       0x8c ../libopencm3/lib/libopencm3_stm32f0.a(vector.o)
                0x0000000008000360                reset_handler
 .text          0x00000000080003ec       0x14 /usr/lib/gcc/arm-none-eabi/6.3.0/armv6-m/libgcc.a(_thumb1_case_uqi.o)
                0x00000000080003ec                __gnu_thumb1_case_uqi
                0x0000000008000400                . = ALIGN (0x4)
 *(.rodata*)
                0x0000000008000400                . = ALIGN (0x4)

.glue_7         0x0000000008000400        0x0
 .glue_7        0x0000000008000400        0x0 linker stubs

.glue_7t        0x0000000008000400        0x0
 .glue_7t       0x0000000008000400        0x0 linker stubs

.vfp11_veneer   0x0000000008000400        0x0
 .vfp11_veneer  0x0000000008000400        0x0 linker stubs

.v4_bx          0x0000000008000400        0x0
 .v4_bx         0x0000000008000400        0x0 linker stubs

.iplt           0x0000000008000400        0x0
 .iplt          0x0000000008000400        0x0 blinky.o

.rel.dyn        0x0000000008000400        0x0
 .rel.iplt      0x0000000008000400        0x0 blinky.o

.preinit_array  0x0000000008000400        0x0
                0x0000000008000400                . = ALIGN (0x4)
                0x0000000008000400                __preinit_array_start = .
 *(.preinit_array)
                0x0000000008000400                __preinit_array_end = .

.init_array     0x0000000008000400        0x0
                0x0000000008000400                . = ALIGN (0x4)
                0x0000000008000400                __init_array_start = .
 *(SORT(.init_array.*))
 *(.init_array)
                0x0000000008000400                __init_array_end = .

.fini_array     0x0000000008000400        0x0
                0x0000000008000400                . = ALIGN (0x4)
                0x0000000008000400                __fini_array_start = .
 *(.fini_array)
 *(SORT(.fini_array.*))
                0x0000000008000400                __fini_array_end = .

.ARM.extab
 *(.ARM.extab*)

.ARM.exidx      0x0000000008000400        0x0
                0x0000000008000400                __exidx_start = .
 *(.ARM.exidx*)
                0x0000000008000400                __exidx_end = .
                0x0000000008000400                . = ALIGN (0x4)
                0x0000000008000400                _etext = .

.data           0x0000000020000000        0x8 load address 0x0000000008000400
                0x0000000020000000                _data = .
 *(.data*)
 .data.rcc_ahb_frequency
                0x0000000020000000        0x4 ../libopencm3/lib/libopencm3_stm32f0.a(rcc.o)
                0x0000000020000000                rcc_ahb_frequency
 .data.rcc_apb1_frequency
                0x0000000020000004        0x4 ../libopencm3/lib/libopencm3_stm32f0.a(rcc.o)
                0x0000000020000004                rcc_apb1_frequency
                0x0000000020000008                . = ALIGN (0x4)
                0x0000000020000008                _edata = .
                0x0000000008000400                _data_loadaddr = LOADADDR (.data)

.igot.plt       0x0000000020000008        0x0 load address 0x0000000008000408
 .igot.plt      0x0000000020000008        0x0 blinky.o

.bss            0x0000000020000008        0x0 load address 0x0000000008000408
 *(.bss*)
 *(COMMON)
                0x0000000020000008                . = ALIGN (0x4)
                0x0000000020000008                _ebss = .

/DISCARD/
 *(.eh_frame)
                0x0000000020000008                . = ALIGN (0x4)
                0x0000000020000008                end = .
                0x0000000020001800                PROVIDE (_stack, (ORIGIN (ram) + LENGTH (ram)))
OUTPUT(blinky.elf elf32-littlearm)

.debug_info     0x0000000000000000     0x1a90
 .debug_info    0x0000000000000000      0x321 blinky.o
 .debug_info    0x0000000000000321      0x99a ../libopencm3/lib/libopencm3_stm32f0.a(rcc.o)
 .debug_info    0x0000000000000cbb      0x22c ../libopencm3/lib/libopencm3_stm32f0.a(gpio_common_all.o)
 .debug_info    0x0000000000000ee7      0x1f7 ../libopencm3/lib/libopencm3_stm32f0.a(gpio_common_f0234.o)
 .debug_info    0x00000000000010de      0x274 ../libopencm3/lib/libopencm3_stm32f0.a(flash_common_f01.o)
 .debug_info    0x0000000000001352      0x497 ../libopencm3/lib/libopencm3_stm32f0.a(rcc_common_all.o)
 .debug_info    0x00000000000017e9      0x2a7 ../libopencm3/lib/libopencm3_stm32f0.a(vector.o)

.debug_abbrev   0x0000000000000000      0x81d
 .debug_abbrev  0x0000000000000000      0x10f blinky.o
 .debug_abbrev  0x000000000000010f      0x24f ../libopencm3/lib/libopencm3_stm32f0.a(rcc.o)
 .debug_abbrev  0x000000000000035e       0xf4 ../libopencm3/lib/libopencm3_stm32f0.a(gpio_common_all.o)
 .debug_abbrev  0x0000000000000452       0xb7 ../libopencm3/lib/libopencm3_stm32f0.a(gpio_common_f0234.o)
 .debug_abbrev  0x0000000000000509       0xca ../libopencm3/lib/libopencm3_stm32f0.a(flash_common_f01.o)
 .debug_abbrev  0x00000000000005d3      0x11f ../libopencm3/lib/libopencm3_stm32f0.a(rcc_common_all.o)
 .debug_abbrev  0x00000000000006f2      0x12b ../libopencm3/lib/libopencm3_stm32f0.a(vector.o)

.debug_loc      0x0000000000000000      0x766
 .debug_loc     0x0000000000000000       0x7a blinky.o
 .debug_loc     0x000000000000007a      0x230 ../libopencm3/lib/libopencm3_stm32f0.a(rcc.o)
 .debug_loc     0x00000000000002aa       0x97 ../libopencm3/lib/libopencm3_stm32f0.a(gpio_common_all.o)
 .debug_loc     0x0000000000000341      0x186 ../libopencm3/lib/libopencm3_stm32f0.a(gpio_common_f0234.o)
 .debug_loc     0x00000000000004c7       0xc6 ../libopencm3/lib/libopencm3_stm32f0.a(flash_common_f01.o)
 .debug_loc     0x000000000000058d       0xe7 ../libopencm3/lib/libopencm3_stm32f0.a(rcc_common_all.o)
 .debug_loc     0x0000000000000674       0xf2 ../libopencm3/lib/libopencm3_stm32f0.a(vector.o)

.debug_aranges  0x0000000000000000      0x2b0
 .debug_aranges
                0x0000000000000000       0x20 blinky.o
 .debug_aranges
                0x0000000000000020      0x100 ../libopencm3/lib/libopencm3_stm32f0.a(rcc.o)
 .debug_aranges
                0x0000000000000120       0x50 ../libopencm3/lib/libopencm3_stm32f0.a(gpio_common_all.o)
 .debug_aranges
                0x0000000000000170       0x30 ../libopencm3/lib/libopencm3_stm32f0.a(gpio_common_f0234.o)
 .debug_aranges
                0x00000000000001a0       0x88 ../libopencm3/lib/libopencm3_stm32f0.a(flash_common_f01.o)
 .debug_aranges
                0x0000000000000228       0x58 ../libopencm3/lib/libopencm3_stm32f0.a(rcc_common_all.o)
 .debug_aranges
                0x0000000000000280       0x30 ../libopencm3/lib/libopencm3_stm32f0.a(vector.o)

.debug_ranges   0x0000000000000000      0x258
 .debug_ranges  0x0000000000000000       0x28 blinky.o
 .debug_ranges  0x0000000000000028       0xf0 ../libopencm3/lib/libopencm3_stm32f0.a(rcc.o)
 .debug_ranges  0x0000000000000118       0x40 ../libopencm3/lib/libopencm3_stm32f0.a(gpio_common_all.o)
 .debug_ranges  0x0000000000000158       0x20 ../libopencm3/lib/libopencm3_stm32f0.a(gpio_common_f0234.o)
 .debug_ranges  0x0000000000000178       0x78 ../libopencm3/lib/libopencm3_stm32f0.a(flash_common_f01.o)
 .debug_ranges  0x00000000000001f0       0x48 ../libopencm3/lib/libopencm3_stm32f0.a(rcc_common_all.o)
 .debug_ranges  0x0000000000000238       0x20 ../libopencm3/lib/libopencm3_stm32f0.a(vector.o)

.debug_line     0x0000000000000000     0x1580
 .debug_line    0x0000000000000000      0x164 blinky.o
 .debug_line    0x0000000000000164      0x57b ../libopencm3/lib/libopencm3_stm32f0.a(rcc.o)
 .debug_line    0x00000000000006df      0x2e5 ../libopencm3/lib/libopencm3_stm32f0.a(gpio_common_all.o)
 .debug_line    0x00000000000009c4      0x2dd ../libopencm3/lib/libopencm3_stm32f0.a(gpio_common_f0234.o)
 .debug_line    0x0000000000000ca1      0x35b ../libopencm3/lib/libopencm3_stm32f0.a(flash_common_f01.o)
 .debug_line    0x0000000000000ffc      0x2c7 ../libopencm3/lib/libopencm3_stm32f0.a(rcc_common_all.o)
 .debug_line    0x00000000000012c3      0x2bd ../libopencm3/lib/libopencm3_stm32f0.a(vector.o)

.debug_str      0x0000000000000000     0x9efa
 .debug_str     0x0000000000000000      0x2e9 blinky.o
                                        0x37b (size before relaxing)
 .debug_str     0x00000000000002e9     0x6f47 ../libopencm3/lib/libopencm3_stm32f0.a(rcc.o)
                                       0x7113 (size before relaxing)
 .debug_str     0x0000000000007230     0x14ff ../libopencm3/lib/libopencm3_stm32f0.a(gpio_common_all.o)
                                       0x55b8 (size before relaxing)
 .debug_str     0x000000000000872f       0x94 ../libopencm3/lib/libopencm3_stm32f0.a(gpio_common_f0234.o)
                                       0x55da (size before relaxing)
 .debug_str     0x00000000000087c3      0x181 ../libopencm3/lib/libopencm3_stm32f0.a(flash_common_f01.o)
                                       0x4b40 (size before relaxing)
 .debug_str     0x0000000000008944      0x2c4 ../libopencm3/lib/libopencm3_stm32f0.a(rcc_common_all.o)
                                       0x689c (size before relaxing)
 .debug_str     0x0000000000008c08     0x12f2 ../libopencm3/lib/libopencm3_stm32f0.a(vector.o)
                                       0x4aad (size before relaxing)

.comment        0x0000000000000000       0x1d
 .comment       0x0000000000000000       0x1d blinky.o
                                         0x1e (size before relaxing)
 .comment       0x000000000000001d       0x1e ../libopencm3/lib/libopencm3_stm32f0.a(rcc.o)
 .comment       0x000000000000001d       0x1e ../libopencm3/lib/libopencm3_stm32f0.a(gpio_common_all.o)
 .comment       0x000000000000001d       0x1e ../libopencm3/lib/libopencm3_stm32f0.a(gpio_common_f0234.o)
 .comment       0x000000000000001d       0x1e ../libopencm3/lib/libopencm3_stm32f0.a(flash_common_f01.o)
 .comment       0x000000000000001d       0x1e ../libopencm3/lib/libopencm3_stm32f0.a(rcc_common_all.o)
 .comment       0x000000000000001d       0x1e ../libopencm3/lib/libopencm3_stm32f0.a(vector.o)

.ARM.attributes
                0x0000000000000000       0x31
 .ARM.attributes
                0x0000000000000000       0x31 blinky.o
 .ARM.attributes
                0x0000000000000031       0x31 ../libopencm3/lib/libopencm3_stm32f0.a(rcc.o)
 .ARM.attributes
                0x0000000000000062       0x31 ../libopencm3/lib/libopencm3_stm32f0.a(gpio_common_all.o)
 .ARM.attributes
                0x0000000000000093       0x31 ../libopencm3/lib/libopencm3_stm32f0.a(gpio_common_f0234.o)
 .ARM.attributes
                0x00000000000000c4       0x31 ../libopencm3/lib/libopencm3_stm32f0.a(flash_common_f01.o)
 .ARM.attributes
                0x00000000000000f5       0x31 ../libopencm3/lib/libopencm3_stm32f0.a(rcc_common_all.o)
 .ARM.attributes
                0x0000000000000126       0x31 ../libopencm3/lib/libopencm3_stm32f0.a(vector.o)
 .ARM.attributes
                0x0000000000000157       0x1e /usr/lib/gcc/arm-none-eabi/6.3.0/armv6-m/libgcc.a(_thumb1_case_uqi.o)

.debug_frame    0x0000000000000000      0x598
 .debug_frame   0x0000000000000000       0x28 blinky.o
 .debug_frame   0x0000000000000028      0x268 ../libopencm3/lib/libopencm3_stm32f0.a(rcc.o)
 .debug_frame   0x0000000000000290       0x80 ../libopencm3/lib/libopencm3_stm32f0.a(gpio_common_all.o)
 .debug_frame   0x0000000000000310       0x78 ../libopencm3/lib/libopencm3_stm32f0.a(gpio_common_f0234.o)
 .debug_frame   0x0000000000000388      0x120 ../libopencm3/lib/libopencm3_stm32f0.a(flash_common_f01.o)
 .debug_frame   0x00000000000004a8       0xb0 ../libopencm3/lib/libopencm3_stm32f0.a(rcc_common_all.o)
 .debug_frame   0x0000000000000558       0x40 ../libopencm3/lib/libopencm3_stm32f0.a(vector.o)

.debug_macro    0x0000000000000000     0x24dd
 .debug_macro   0x0000000000000000       0xe0 ../libopencm3/lib/libopencm3_stm32f0.a(rcc.o)
 .debug_macro   0x00000000000000e0      0x898 ../libopencm3/lib/libopencm3_stm32f0.a(rcc.o)
 .debug_macro   0x0000000000000978       0x22 ../libopencm3/lib/libopencm3_stm32f0.a(rcc.o)
 .debug_macro   0x000000000000099a       0x87 ../libopencm3/lib/libopencm3_stm32f0.a(rcc.o)
 .debug_macro   0x0000000000000a21       0x51 ../libopencm3/lib/libopencm3_stm32f0.a(rcc.o)
 .debug_macro   0x0000000000000a72       0xef ../libopencm3/lib/libopencm3_stm32f0.a(rcc.o)
 .debug_macro   0x0000000000000b61       0x6a ../libopencm3/lib/libopencm3_stm32f0.a(rcc.o)
 .debug_macro   0x0000000000000bcb      0x1df ../libopencm3/lib/libopencm3_stm32f0.a(rcc.o)
 .debug_macro   0x0000000000000daa       0x22 ../libopencm3/lib/libopencm3_stm32f0.a(rcc.o)
 .debug_macro   0x0000000000000dcc       0xfa ../libopencm3/lib/libopencm3_stm32f0.a(rcc.o)
 .debug_macro   0x0000000000000ec6       0x16 ../libopencm3/lib/libopencm3_stm32f0.a(rcc.o)
 .debug_macro   0x0000000000000edc       0x34 ../libopencm3/lib/libopencm3_stm32f0.a(rcc.o)
 .debug_macro   0x0000000000000f10      0x15a ../libopencm3/lib/libopencm3_stm32f0.a(rcc.o)
 .debug_macro   0x000000000000106a      0x71c ../libopencm3/lib/libopencm3_stm32f0.a(rcc.o)
 .debug_macro   0x0000000000001786       0xdc ../libopencm3/lib/libopencm3_stm32f0.a(rcc.o)
 .debug_macro   0x0000000000001862       0xd0 ../libopencm3/lib/libopencm3_stm32f0.a(rcc.o)
 .debug_macro   0x0000000000001932       0xd7 ../libopencm3/lib/libopencm3_stm32f0.a(gpio_common_all.o)
 .debug_macro   0x0000000000001a09       0x76 ../libopencm3/lib/libopencm3_stm32f0.a(gpio_common_all.o)
 .debug_macro   0x0000000000001a7f      0x2e6 ../libopencm3/lib/libopencm3_stm32f0.a(gpio_common_all.o)
 .debug_macro   0x0000000000001d65      0x14e ../libopencm3/lib/libopencm3_stm32f0.a(gpio_common_all.o)
 .debug_macro   0x0000000000001eb3       0x3a ../libopencm3/lib/libopencm3_stm32f0.a(gpio_common_all.o)
 .debug_macro   0x0000000000001eed       0xd7 ../libopencm3/lib/libopencm3_stm32f0.a(gpio_common_f0234.o)
 .debug_macro   0x0000000000001fc4       0xb9 ../libopencm3/lib/libopencm3_stm32f0.a(flash_common_f01.o)
 .debug_macro   0x000000000000207d       0xcf ../libopencm3/lib/libopencm3_stm32f0.a(rcc_common_all.o)
 .debug_macro   0x000000000000214c       0xd0 ../libopencm3/lib/libopencm3_stm32f0.a(vector.o)
 .debug_macro   0x000000000000221c      0x1b1 ../libopencm3/lib/libopencm3_stm32f0.a(vector.o)
 .debug_macro   0x00000000000023cd       0x46 ../libopencm3/lib/libopencm3_stm32f0.a(vector.o)
 .debug_macro   0x0000000000002413       0xca ../libopencm3/lib/libopencm3_stm32f0.a(vector.o)
